Component: ARM Compiler 5.06 update 5 (build 528) Tool: armlink [4d35e2]

==============================================================================

Section Cross References

    startup_stm32f405xx.o(STACK) refers (Special) to heapauxi.o(.text) for __use_two_region_memory
    startup_stm32f405xx.o(HEAP) refers (Special) to heapauxi.o(.text) for __use_two_region_memory
    startup_stm32f405xx.o(RESET) refers (Special) to heapauxi.o(.text) for __use_two_region_memory
    startup_stm32f405xx.o(RESET) refers to startup_stm32f405xx.o(STACK) for __initial_sp
    startup_stm32f405xx.o(RESET) refers to startup_stm32f405xx.o(.text) for Reset_Handler
    startup_stm32f405xx.o(RESET) refers to stm32f4xx_it.o(i.NMI_Handler) for NMI_Handler
    startup_stm32f405xx.o(RESET) refers to stm32f4xx_it.o(i.HardFault_Handler) for HardFault_Handler
    startup_stm32f405xx.o(RESET) refers to stm32f4xx_it.o(i.MemManage_Handler) for MemManage_Handler
    startup_stm32f405xx.o(RESET) refers to stm32f4xx_it.o(i.BusFault_Handler) for BusFault_Handler
    startup_stm32f405xx.o(RESET) refers to stm32f4xx_it.o(i.UsageFault_Handler) for UsageFault_Handler
    startup_stm32f405xx.o(RESET) refers to stm32f4xx_it.o(i.SVC_Handler) for SVC_Handler
    startup_stm32f405xx.o(RESET) refers to stm32f4xx_it.o(i.DebugMon_Handler) for DebugMon_Handler
    startup_stm32f405xx.o(RESET) refers to stm32f4xx_it.o(i.PendSV_Handler) for PendSV_Handler
    startup_stm32f405xx.o(RESET) refers to stm32f4xx_it.o(i.SysTick_Handler) for SysTick_Handler
    startup_stm32f405xx.o(RESET) refers to stm32f4xx_it.o(i.DMA1_Stream0_IRQHandler) for DMA1_Stream0_IRQHandler
    startup_stm32f405xx.o(RESET) refers to stm32f4xx_it.o(i.DMA1_Stream5_IRQHandler) for DMA1_Stream5_IRQHandler
    startup_stm32f405xx.o(RESET) refers to stm32f4xx_it.o(i.DMA1_Stream6_IRQHandler) for DMA1_Stream6_IRQHandler
    startup_stm32f405xx.o(RESET) refers to stm32f4xx_it.o(i.I2C1_EV_IRQHandler) for I2C1_EV_IRQHandler
    startup_stm32f405xx.o(RESET) refers to stm32f4xx_it.o(i.I2C1_ER_IRQHandler) for I2C1_ER_IRQHandler
    startup_stm32f405xx.o(RESET) refers to stm32f4xx_it.o(i.USART1_IRQHandler) for USART1_IRQHandler
    startup_stm32f405xx.o(RESET) refers to stm32f4xx_it.o(i.USART2_IRQHandler) for USART2_IRQHandler
    startup_stm32f405xx.o(RESET) refers to stm32f4xx_it.o(i.TIM8_BRK_TIM12_IRQHandler) for TIM8_BRK_TIM12_IRQHandler
    startup_stm32f405xx.o(RESET) refers to stm32f4xx_it.o(i.DMA2_Stream2_IRQHandler) for DMA2_Stream2_IRQHandler
    startup_stm32f405xx.o(.text) refers (Special) to heapauxi.o(.text) for __use_two_region_memory
    startup_stm32f405xx.o(.text) refers to system_stm32f4xx.o(i.SystemInit) for SystemInit
    startup_stm32f405xx.o(.text) refers to __main.o(!!!main) for __main
    startup_stm32f405xx.o(.text) refers to startup_stm32f405xx.o(HEAP) for Heap_Mem
    startup_stm32f405xx.o(.text) refers to startup_stm32f405xx.o(STACK) for Stack_Mem
    main.o(i.SystemClock_Config) refers to rt_memclr_w.o(.text) for __aeabi_memclr4
    main.o(i.SystemClock_Config) refers to stm32f4xx_hal_rcc.o(i.HAL_RCC_OscConfig) for HAL_RCC_OscConfig
    main.o(i.SystemClock_Config) refers to stm32f4xx_hal_rcc.o(i.HAL_RCC_ClockConfig) for HAL_RCC_ClockConfig
    main.o(i.main) refers to stm32f4xx_hal.o(i.HAL_Init) for HAL_Init
    main.o(i.main) refers to main.o(i.SystemClock_Config) for SystemClock_Config
    main.o(i.main) refers to gpio.o(i.MX_GPIO_Init) for MX_GPIO_Init
    main.o(i.main) refers to dma.o(i.MX_DMA_Init) for MX_DMA_Init
    main.o(i.main) refers to iwdg.o(i.MX_IWDG_Init) for MX_IWDG_Init
    main.o(i.main) refers to tim.o(i.MX_TIM2_Init) for MX_TIM2_Init
    main.o(i.main) refers to tim.o(i.MX_TIM3_Init) for MX_TIM3_Init
    main.o(i.main) refers to usart.o(i.MX_USART1_UART_Init) for MX_USART1_UART_Init
    main.o(i.main) refers to usart.o(i.MX_USART2_UART_Init) for MX_USART2_UART_Init
    main.o(i.main) refers to i2c.o(i.MX_I2C1_Init) for MX_I2C1_Init
    main.o(i.main) refers to tim.o(i.MX_TIM12_Init) for MX_TIM12_Init
    main.o(i.main) refers to usart.o(i.USART1_Receive_DMA_Init) for USART1_Receive_DMA_Init
    main.o(i.main) refers to usart.o(i.USART2_Receive_DMA_Init) for USART2_Receive_DMA_Init
    main.o(i.main) refers to usermain.o(i.AUV_Init) for AUV_Init
    main.o(i.main) refers to usermain.o(i.AUV_Task) for AUV_Task
    dma.o(i.MX_DMA_Init) refers to stm32f4xx_hal_cortex.o(i.HAL_NVIC_SetPriority) for HAL_NVIC_SetPriority
    dma.o(i.MX_DMA_Init) refers to stm32f4xx_hal_cortex.o(i.HAL_NVIC_EnableIRQ) for HAL_NVIC_EnableIRQ
    i2c.o(i.HAL_I2C_ErrorCallback) refers to ms5837.o(i.MS5837_I2C_ErrorCallback) for MS5837_I2C_ErrorCallback
    i2c.o(i.HAL_I2C_MasterRxCpltCallback) refers to ms5837.o(i.MS5837_I2C_RxCpltCallback) for MS5837_I2C_RxCpltCallback
    i2c.o(i.HAL_I2C_MasterTxCpltCallback) refers to ms5837.o(i.MS5837_I2C_TxCpltCallback) for MS5837_I2C_TxCpltCallback
[...]
    TIM_OC1_SetConfig                        0x08004d41   Thumb Code    88  stm32f4xx_hal_tim.o(i.TIM_OC1_SetConfig)
    i.TIM_OC2_SetConfig                      0x08004da0   Section        0  stm32f4xx_hal_tim.o(i.TIM_OC2_SetConfig)
    i.TIM_OC3_SetConfig                      0x08004e0c   Section        0  stm32f4xx_hal_tim.o(i.TIM_OC3_SetConfig)
    TIM_OC3_SetConfig                        0x08004e0d   Thumb Code    96  stm32f4xx_hal_tim.o(i.TIM_OC3_SetConfig)
    i.TIM_OC4_SetConfig                      0x08004e74   Section        0  stm32f4xx_hal_tim.o(i.TIM_OC4_SetConfig)
    TIM_OC4_SetConfig                        0x08004e75   Thumb Code    70  stm32f4xx_hal_tim.o(i.TIM_OC4_SetConfig)
    i.TIM_TI1_ConfigInputStage               0x08004ec4   Section        0  stm32f4xx_hal_tim.o(i.TIM_TI1_ConfigInputStage)
    TIM_TI1_ConfigInputStage                 0x08004ec5   Thumb Code    34  stm32f4xx_hal_tim.o(i.TIM_TI1_ConfigInputStage)
    i.TIM_TI2_ConfigInputStage               0x08004ee6   Section        0  stm32f4xx_hal_tim.o(i.TIM_TI2_ConfigInputStage)
    TIM_TI2_ConfigInputStage                 0x08004ee7   Thumb Code    36  stm32f4xx_hal_tim.o(i.TIM_TI2_ConfigInputStage)
    i.Telemetry_Send                         0x08004f0c   Section        0  usermain.o(i.Telemetry_Send)
    Telemetry_Send                           0x08004f0d   Thumb Code   210  usermain.o(i.Telemetry_Send)
    i.UART_DMAAbortOnError                   0x08004ff4   Section        0  stm32f4xx_hal_uart.o(i.UART_DMAAbortOnError)
    UART_DMAAbortOnError                     0x08004ff5   Thumb Code    14  stm32f4xx_hal_uart.o(i.UART_DMAAbortOnError)
    i.UART_DMAError                          0x08005002   Section        0  stm32f4xx_hal_uart.o(i.UART_DMAError)
    UART_DMAError                            0x08005003   Thumb Code    74  stm32f4xx_hal_uart.o(i.UART_DMAError)
    i.UART_DMAReceiveCplt                    0x0800504c   Section        0  stm32f4xx_hal_uart.o(i.UART_DMAReceiveCplt)
    UART_DMAReceiveCplt                      0x0800504d   Thumb Code   134  stm32f4xx_hal_uart.o(i.UART_DMAReceiveCplt)
    i.UART_DMARxHalfCplt                     0x080050d2   Section        0  stm32f4xx_hal_uart.o(i.UART_DMARxHalfCplt)
    UART_DMARxHalfCplt                       0x080050d3   Thumb Code    30  stm32f4xx_hal_uart.o(i.UART_DMARxHalfCplt)
    i.UART_DMATransmitCplt                   0x080050f0   Section        0  stm32f4xx_hal_uart.o(i.UART_DMATransmitCplt)
    UART_DMATransmitCplt                     0x080050f1   Thumb Code    66  stm32f4xx_hal_uart.o(i.UART_DMATransmitCplt)
    i.UART_DMATxHalfCplt                     0x08005132   Section        0  stm32f4xx_hal_uart.o(i.UART_DMATxHalfCplt)
    UART_DMATxHalfCplt                       0x08005133   Thumb Code    10  stm32f4xx_hal_uart.o(i.UART_DMATxHalfCplt)
    i.UART_EndRxTransfer                     0x0800513c   Section        0  stm32f4xx_hal_uart.o(i.UART_EndRxTransfer)
    UART_EndRxTransfer                       0x0800513d   Thumb Code    78  stm32f4xx_hal_uart.o(i.UART_EndRxTransfer)
    i.UART_EndTxTransfer                     0x0800518a   Section        0  stm32f4xx_hal_uart.o(i.UART_EndTxTransfer)
    UART_EndTxTransfer                       0x0800518b   Thumb Code    28  stm32f4xx_hal_uart.o(i.UART_EndTxTransfer)
    i.UART_Receive_IT                        0x080051a6   Section        0  stm32f4xx_hal_uart.o(i.UART_Receive_IT)
    UART_Receive_IT                          0x080051a7   Thumb Code   194  stm32f4xx_hal_uart.o(i.UART_Receive_IT)
    i.UART_SetConfig                         0x08005268   Section        0  stm32f4xx_hal_uart.o(i.UART_SetConfig)
    UART_SetConfig                           0x08005269   Thumb Code   258  stm32f4xx_hal_uart.o(i.UART_SetConfig)
    i.UART_Start_Receive_DMA                 0x08005374   Section        0  stm32f4xx_hal_uart.o(i.UART_Start_Receive_DMA)
    i.UART_WaitOnFlagUntilTimeout            0x08005414   Section        0  stm32f4xx_hal_uart.o(i.UART_WaitOnFlagUntilTimeout)
    UART_WaitOnFlagUntilTimeout              0x08005415   Thumb Code   114  stm32f4xx_hal_uart.o(i.UART_WaitOnFlagUntilTimeout)
    i.USART1_IRQHandler                      0x08005488   Section        0  stm32f4xx_it.o(i.USART1_IRQHandler)
    i.USART1_Receive_DMA_Init                0x08005494   Section        0  usart.o(i.USART1_Receive_DMA_Init)
    i.USART2_IRQHandler                      0x080054c4   Section        0  stm32f4xx_it.o(i.USART2_IRQHandler)
    i.USART2_Receive_DMA_Init                0x080054d0   Section        0  usart.o(i.USART2_Receive_DMA_Init)
    i.UsageFault_Handler                     0x08005500   Section        0  stm32f4xx_it.o(i.UsageFault_Handler)
    i.__NVIC_SetPriority                     0x08005502   Section        0  stm32f4xx_hal_cortex.o(i.__NVIC_SetPriority)
    __NVIC_SetPriority                       0x08005503   Thumb Code    32  stm32f4xx_hal_cortex.o(i.__NVIC_SetPriority)
    i.absf                                   0x08005522   Section        0  pid.o(i.absf)
    i.constrain                              0x08005532   Section        0  pid.o(i.constrain)
    i.constrain_motor_power                  0x08005556   Section        0  usermain.o(i.constrain_motor_power)
    i.h30_configure                          0x08005568   Section        0  imu.o(i.h30_configure)
    i.h30_data_callback                      0x0800559c   Section        0  imu.o(i.h30_data_callback)
    i.h30_parse_data                         0x0800563c   Section        0  imu.o(i.h30_parse_data)
    i.h30_read_i32_le                        0x08005904   Section        0  imu.o(i.h30_read_i32_le)
    h30_read_i32_le                          0x08005905   Thumb Code    10  imu.o(i.h30_read_i32_le)
    i.h30_wrap_deg                           0x08005910   Section        0  imu.o(i.h30_wrap_deg)
    h30_wrap_deg                             0x08005911   Thumb Code    40  imu.o(i.h30_wrap_deg)
    i.main                                   0x08005944   Section        0  main.o(i.main)
    i.put_i16_le                             0x08005982   Section        0  usermain.o(i.put_i16_le)
    put_i16_le                               0x08005983   Thumb Code    10  usermain.o(i.put_i16_le)
    i.to_i16_scaled                          0x0800598c   Section        0  usermain.o(i.to_i16_scaled)
    to_i16_scaled                            0x0800598d   Thumb Code    46  usermain.o(i.to_i16_scaled)
    x$fpl$dadd                               0x080059c8   Section      336  daddsub_clz.o(x$fpl$dadd)
    $v0                                      0x080059c8   Number         0  daddsub_clz.o(x$fpl$dadd)
    _dadd1                                   0x080059d9   Thumb Code     0  daddsub_clz.o(x$fpl$dadd)
    x$fpl$dfixu                              0x08005b18   Section       90  dfixu.o(x$fpl$dfixu)
    $v0                                      0x08005b18   Number         0  dfixu.o(x$fpl$dfixu)
    x$fpl$dfltu                              0x08005b72   Section       38  dflt_clz.o(x$fpl$dfltu)
    $v0                                      0x08005b72   Number         0  dflt_clz.o(x$fpl$dfltu)
    x$fpl$dmul                               0x08005b98   Section      340  dmul.o(x$fpl$dmul)
    $v0                                      0x08005b98   Number         0  dmul.o(x$fpl$dmul)
    x$fpl$dnaninf                            0x08005cec   Section      156  dnaninf.o(x$fpl$dnaninf)
    $v0                                      0x08005cec   Number         0  dnaninf.o(x$fpl$dnaninf)
    x$fpl$dretinf                            0x08005d88   Section       12  dretinf.o(x$fpl$dretinf)
    $v0                                      0x08005d88   Number         0  dretinf.o(x$fpl$dretinf)
    x$fpl$dsub                               0x08005d94   Section      468  daddsub_clz.o(x$fpl$dsub)
    $v0                                      0x08005d94   Number         0  daddsub_clz.o(x$fpl$dsub)
    _dsub1                                   0x08005da5   Thumb Code     0  daddsub_clz.o(x$fpl$dsub)
    x$fpl$fpinit                             0x08005f68   Section       10  fpinit.o(x$fpl$fpinit)
    $v0                                      0x08005f68   Number         0  fpinit.o(x$fpl$fpinit)
    .constdata                               0x08005f72   Section        8  stm32f4xx_hal_dma.o(.constdata)
    x$fpl$usenofp                            0x08005f72   Section        0  usenofp.o(x$fpl$usenofp)
    flagBitshiftOffset                       0x08005f72   Data           8  stm32f4xx_hal_dma.o(.constdata)
    .constdata                               0x08005f7a   Section       16  system_stm32f4xx.o(.constdata)
    .constdata                               0x08005f8a   Section        8  system_stm32f4xx.o(.constdata)
    .constdata                               0x08005f92   Section       17  imu.o(.constdata)
    frequency_cmd                            0x08005f92   Data           8  imu.o(.constdata)
    output_cmd                               0x08005f9a   Data           9  imu.o(.constdata)
    .data                                    0x20000000   Section       12  stm32f4xx_hal.o(.data)
    .data                                    0x2000000c   Section        4  system_stm32f4xx.o(.data)
    .data                                    0x20000010   Section        8  imu.o(.data)
    h30_state                                0x20000012   Data           1  imu.o(.data)
    h30_rx_index                             0x20000014   Data           2  imu.o(.data)
    h30_expected_len                         0x20000016   Data           2  imu.o(.data)
    .data                                    0x20000018   Section        4  motor.o(.data)
    .data                                    0x2000001c   Section       16  rc.o(.data)
    rc_frame_pos                             0x20000024   Data           2  rc.o(.data)
    .data                                    0x2000002c   Section       36  usermain.o(.data)
    depth_hold_enabled                       0x2000002e   Data           1  usermain.o(.data)
    last_heave_active                        0x2000002f   Data           1  usermain.o(.data)
    last_send_ms                             0x20000048   Data           4  usermain.o(.data)
    .data                                    0x20000050   Section       20  ms5837.o(.data)
    s_pressure_ready                         0x20000050   Data           1  ms5837.o(.data)
    s_d1_count                               0x20000051   Data           1  ms5837.o(.data)
    s_state                                  0x20000052   Data           1  ms5837.o(.data)
    s_tx_byte                                0x20000053   Data           1  ms5837.o(.data)
    s_conv_type                              0x20000054   Data           1  ms5837.o(.data)
    s_adc_rx                                 0x20000055   Data           3  ms5837.o(.data)
    s_surface_pressure_01mbar                0x20000058   Data           4  ms5837.o(.data)
    s_d1_raw                                 0x2000005c   Data           4  ms5837.o(.data)
    s_d2_raw                                 0x20000060   Data           4  ms5837.o(.data)
    .bss                                     0x20000064   Section      180  i2c.o(.bss)
    .bss                                     0x20000118   Section       12  iwdg.o(.bss)
    .bss                                     0x20000124   Section      216  tim.o(.bss)
    .bss                                     0x200001fc   Section      624  usart.o(.bss)
    imu_dma_rx_buf                           0x200003ac   Data         128  usart.o(.bss)
    rc_dma_rx_buf                            0x2000042c   Data          64  usart.o(.bss)
    .bss                                     0x2000046c   Section       64  pid.o(.bss)
    .bss                                     0x200004ac   Section       64  pid.o(.bss)
    .bss                                     0x200004ec   Section       64  pid.o(.bss)
    .bss                                     0x2000052c   Section       64  pid.o(.bss)
    .bss                                     0x2000056c   Section       64  angle_resolve.o(.bss)
    .bss                                     0x200005ac   Section      318  imu.o(.bss)
    h30_rx_buffer                            0x200005dc   Data         270  imu.o(.bss)
    .bss                                     0x200006ec   Section       32  motor.o(.bss)
    .bss                                     0x2000070c   Section       41  rc.o(.bss)
    .bss                                     0x20000738   Section       96  usermain.o(.bss)
    .bss                                     0x20000798   Section       28  ms5837.o(.bss)
    s_C                                      0x20000798   Data          14  ms5837.o(.bss)
    s_data                                   0x200007a8   Data          12  ms5837.o(.bss)
    .bss                                     0x200007b4   Section       96  libspace.o(.bss)
    HEAP                                     0x20000818   Section      512  startup_stm32f405xx.o(HEAP)
    Heap_Mem                                 0x20000818   Data         512  startup_stm32f405xx.o(HEAP)
    STACK                                    0x20000a18   Section     1024  startup_stm32f405xx.o(STACK)
    Stack_Mem                                0x20000a18   Data        1024  startup_stm32f405xx.o(STACK)
    __initial_sp                             0x20000e18   Data           0  startup_stm32f405xx.o(STACK)

    Global Symbols

    Symbol Name                              Value     Ov Type        Size  Object(Section)

    BuildAttributes$$THM_ISAv4$E$P$D$K$B$S$7EM$VFPi3$EXTD16$VFPS$VFMA$PE$A:L22UL41UL21$X:L11$S22US41US21$IEEE1$IW$USESV6$~STKCKD$USESV7$~SHL$OSPACE$ROPI$EBA8$UX$STANDARDLIB$REQ8$PRES8$EABIv2 0x00000000   Number         0  anon$$obj.o ABSOLUTE
    __ARM_use_no_argv                        0x00000000   Number         0  main.o ABSOLUTE
    __ARM_exceptions_init                     - Undefined Weak Reference
    __alloca_initialize                       - Undefined Weak Reference
    __arm_preinit_                            - Undefined Weak Reference
    __cpp_initialize__aeabi_                  - Undefined Weak Reference
    __cxa_finalize                            - Undefined Weak Reference
    __rt_locale                               - Undefined Weak Reference
    __sigvec_lookup                           - Undefined Weak Reference
    _atexit_init                              - Undefined Weak Reference
    _call_atexit_fns                          - Undefined Weak Reference
    _clock_init                               - Undefined Weak Reference
    _fp_trap_init                             - Undefined Weak Reference
    _fp_trap_shutdown                         - Undefined Weak Reference
    _get_lc_collate                           - Undefined Weak Reference
    _get_lc_ctype                             - Undefined Weak Reference
    _get_lc_monetary                          - Undefined Weak Reference
    _get_lc_numeric                           - Undefined Weak Reference
    _get_lc_time                              - Undefined Weak Reference
    _getenv_init                              - Undefined Weak Reference
    _handle_redirection                       - Undefined Weak Reference
    _init_alloc                               - Undefined Weak Reference
    _init_user_alloc                          - Undefined Weak Reference
    _initio                                   - Undefined Weak Reference
    _rand_init                                - Undefined Weak Reference
    _signal_finish                            - Undefined Weak Reference
    _signal_init                              - Undefined Weak Reference
    _terminate_alloc                          - Undefined Weak Reference
    _terminate_user_alloc                     - Undefined Weak Reference
    _terminateio                              - Undefined Weak Reference
    __Vectors_Size                           0x00000188   Number         0  startup_stm32f405xx.o ABSOLUTE
    __Vectors                                0x08000000   Data           4  startup_stm32f405xx.o(RESET)
    __Vectors_End                            0x08000188   Data           0  startup_stm32f405xx.o(RESET)
    __main                                   0x08000189   Thumb Code     8  __main.o(!!!main)
    __scatterload                            0x08000191   Thumb Code     0  __scatter.o(!!!scatter)
    __scatterload_rt2                        0x08000191   Thumb Code    44  __scatter.o(!!!scatter)
    __scatterload_rt2_thumb_only             0x08000191   Thumb Code     0  __scatter.o(!!!scatter)
    __scatterload_null                       0x0800019f   Thumb Code     0  __scatter.o(!!!scatter)
    __scatterload_copy                       0x080001c5   Thumb Code    26  __scatter_copy.o(!!handler_copy)
    __scatterload_zeroinit                   0x080001e1   Thumb Code    28  __scatter_zi.o(!!handler_zi)
    __rt_lib_init                            0x080001fd   Thumb Code     0  libinit.o(.ARM.Collect$$libinit$$00000000)
    __rt_lib_init_fp_1                       0x080001ff   Thumb Code     0  libinit2.o(.ARM.Collect$$libinit$$00000001)
    __rt_lib_init_alloca_1                   0x08000203   Thumb Code     0  libinit2.o(.ARM.Collect$$libinit$$0000002E)
    __rt_lib_init_argv_1                     0x08000203   Thumb Code     0  libinit2.o(.ARM.Collect$$libinit$$0000002C)
    __rt_lib_init_atexit_1                   0x08000203   Thumb Code     0  libinit2.o(.ARM.Collect$$libinit$$0000001B)
    __rt_lib_init_clock_1                    0x08000203   Thumb Code     0  libinit2.o(.ARM.Collect$$libinit$$00000021)
    __rt_lib_init_cpp_1                      0x08000203   Thumb Code     0  libinit2.o(.ARM.Collect$$libinit$$00000032)
    __rt_lib_init_exceptions_1               0x08000203   Thumb Code     0  libinit2.o(.ARM.Collect$$libinit$$00000030)
    __rt_lib_init_fp_trap_1                  0x08000203   Thumb Code     0  libinit2.o(.ARM.Collect$$libinit$$0000001F)
    __rt_lib_init_getenv_1                   0x08000203   Thumb Code     0  libinit2.o(.ARM.Collect$$libinit$$00000023)
    __rt_lib_init_heap_1                     0x08000203   Thumb Code     0  libinit2.o(.ARM.Collect$$libinit$$0000000A)
    __rt_lib_init_lc_collate_1               0x08000203   Thumb Code     0  libinit2.o(.ARM.Collect$$libinit$$00000011)
    __rt_lib_init_lc_ctype_1                 0x08000203   Thumb Code     0  libinit2.o(.ARM.Collect$$libinit$$00000013)
    __rt_lib_init_lc_monetary_1              0x08000203   Thumb Code     0  libinit2.o(.ARM.Collect$$libinit$$00000015)
    __rt_lib_init_lc_numeric_1               0x08000203   Thumb Code     0  libinit2.o(.ARM.Collect$$libinit$$00000017)
    __rt_lib_init_lc_time_1                  0x08000203   Thumb Code     0  libinit2.o(.ARM.Collect$$libinit$$00000019)
    __rt_lib_init_preinit_1                  0x08000203   Thumb Code     0  libinit2.o(.ARM.Collect$$libinit$$00000004)
    __rt_lib_init_rand_1                     0x08000203   Thumb Code     0  libinit2.o(.ARM.Collect$$libinit$$0000000E)
    __rt_lib_init_return                     0x08000203   Thumb Code     0  libinit2.o(.ARM.Collect$$libinit$$00000033)
    __rt_lib_init_signal_1                   0x08000203   Thumb Code     0  libinit2.o(.ARM.Collect$$libinit$$0000001D)
    __rt_lib_init_stdio_1                    0x08000203   Thumb Code     0  libinit2.o(.ARM.Collect$$libinit$$00000025)
    __rt_lib_init_user_alloc_1               0x08000203   Thumb Code     0  libinit2.o(.ARM.Collect$$libinit$$0000000C)
    __rt_lib_shutdown                        0x08000205   Thumb Code     0  libshutdown.o(.ARM.Collect$$libshutdown$$00000000)
    __rt_lib_shutdown_cpp_1                  0x08000207   Thumb Code     0  libshutdown2.o(.ARM.Collect$$libshutdown$$00000002)
    __rt_lib_shutdown_fp_trap_1              0x08000207   Thumb Code     0  libshutdown2.o(.ARM.Collect$$libshutdown$$00000007)
    __rt_lib_shutdown_heap_1                 0x08000207   Thumb Code     0  libshutdown2.o(.ARM.Collect$$libshutdown$$0000000F)
    __rt_lib_shutdown_return                 0x08000207   Thumb Code     0  libshutdown2.o(.ARM.Collect$$libshutdown$$00000010)
    __rt_lib_shutdown_signal_1               0x08000207   Thumb Code     0  libshutdown2.o(.ARM.Collect$$libshutdown$$0000000A)
    __rt_lib_shutdown_stdio_1                0x08000207   Thumb Code     0  libshutdown2.o(.ARM.Collect$$libshutdown$$00000004)
    __rt_lib_shutdown_user_alloc_1           0x08000207   Thumb Code     0  libshutdown2.o(.ARM.Collect$$libshutdown$$0000000C)
    __rt_entry                               0x08000209   Thumb Code     0  __rtentry.o(.ARM.Collect$$rtentry$$00000000)
    __rt_entry_presh_1                       0x08000209   Thumb Code     0  __rtentry2.o(.ARM.Collect$$rtentry$$00000002)
    __rt_entry_sh                            0x08000209   Thumb Code     0  __rtentry4.o(.ARM.Collect$$rtentry$$00000004)
    __rt_entry_li                            0x0800020f   Thumb Code     0  __rtentry2.o(.ARM.Collect$$rtentry$$0000000A)
    __rt_entry_postsh_1                      0x0800020f   Thumb Code     0  __rtentry2.o(.ARM.Collect$$rtentry$$00000009)
    __rt_entry_main                          0x08000213   Thumb Code     0  __rtentry2.o(.ARM.Collect$$rtentry$$0000000D)
    __rt_entry_postli_1                      0x08000213   Thumb Code     0  __rtentry2.o(.ARM.Collect$$rtentry$$0000000C)
    __rt_exit                                0x0800021b   Thumb Code     0  rtexit.o(.ARM.Collect$$rtexit$$00000000)
    __rt_exit_ls                             0x0800021d   Thumb Code     0  rtexit2.o(.ARM.Collect$$rtexit$$00000003)
    __rt_exit_prels_1                        0x0800021d   Thumb Code     0  rtexit2.o(.ARM.Collect$$rtexit$$00000002)
    __rt_exit_exit                           0x08000221   Thumb Code     0  rtexit2.o(.ARM.Collect$$rtexit$$00000004)
    Reset_Handler                            0x08000229   Thumb Code     8  startup_stm32f405xx.o(.text)
    ADC_IRQHandler                           0x08000243   Thumb Code     0  startup_stm32f405xx.o(.text)
    CAN1_RX0_IRQHandler                      0x08000243   Thumb Code     0  startup_stm32f405xx.o(.text)
    CAN1_RX1_IRQHandler                      0x08000243   Thumb Code     0  startup_stm32f405xx.o(.text)
    CAN1_SCE_IRQHandler                      0x08000243   Thumb Code     0  startup_stm32f405xx.o(.text)
    CAN1_TX_IRQHandler                       0x08000243   Thumb Code     0  startup_stm32f405xx.o(.text)
    CAN2_RX0_IRQHandler                      0x08000243   Thumb Code     0  startup_stm32f405xx.o(.text)
    CAN2_RX1_IRQHandler                      0x08000243   Thumb Code     0  startup_stm32f405xx.o(.text)
    CAN2_SCE_IRQHandler                      0x08000243   Thumb Code     0  startup_stm32f405xx.o(.text)
    CAN2_TX_IRQHandler                       0x08000243   Thumb Code     0  startup_stm32f405xx.o(.text)
    DMA1_Stream1_IRQHandler                  0x08000243   Thumb Code     0  startup_stm32f405xx.o(.text)
    DMA1_Stream2_IRQHandler                  0x08000243   Thumb Code     0  startup_stm32f405xx.o(.text)
    DMA1_Stream3_IRQHandler                  0x08000243   Thumb Code     0  startup_stm32f405xx.o(.text)
    DMA1_Stream4_IRQHandler                  0x08000243   Thumb Code     0  startup_stm32f405xx.o(.text)
    DMA1_Stream7_IRQHandler                  0x08000243   Thumb Code     0  startup_stm32f405xx.o(.text)
    DMA2_Stream0_IRQHandler                  0x08000243   Thumb Code     0  startup_stm32f405xx.o(.text)
    DMA2_Stream1_IRQHandler                  0x08000243   Thumb Code     0  startup_stm32f405xx.o(.text)
    DMA2_Stream3_IRQHandler                  0x08000243   Thumb Code     0  startup_stm32f405xx.o(.text)
    DMA2_Stream4_IRQHandler                  0x08000243   Thumb Code     0  startup_stm32f405xx.o(.text)
    DMA2_Stream5_IRQHandler                  0x08000243   Thumb Code     0  startup_stm32f405xx.o(.text)
    DMA2_Stream6_IRQHandler                  0x08000243   Thumb Code     0  startup_stm32f405xx.o(.text)
    DMA2_Stream7_IRQHandler                  0x08000243   Thumb Code     0  startup_stm32f405xx.o(.text)
    EXTI0_IRQHandler                         0x08000243   Thumb Code     0  startup_stm32f405xx.o(.text)
    EXTI15_10_IRQHandler                     0x08000243   Thumb Code     0  startup_stm32f405xx.o(.text)
    EXTI1_IRQHandler                         0x08000243   Thumb Code     0  startup_stm32f405xx.o(.text)
    EXTI2_IRQHandler                         0x08000243   Thumb Code     0  startup_stm32f405xx.o(.text)
    EXTI3_IRQHandler                         0x08000243   Thumb Code     0  startup_stm32f405xx.o(.text)
    EXTI4_IRQHandler                         0x08000243   Thumb Code     0  startup_stm32f405xx.o(.text)
    EXTI9_5_IRQHandler                       0x08000243   Thumb Code     0  startup_stm32f405xx.o(.text)
    FLASH_IRQHandler                         0x08000243   Thumb Code     0  startup_stm32f405xx.o(.text)
    FMC_IRQHandler                           0x08000243   Thumb Code     0  startup_stm32f405xx.o(.text)
    FPU_IRQHandler                           0x08000243   Thumb Code     0  startup_stm32f405xx.o(.text)
    HASH_RNG_IRQHandler                      0x08000243   Thumb Code     0  startup_stm32f405xx.o(.text)
    I2C2_ER_IRQHandler                       0x08000243   Thumb Code     0  startup_stm32f405xx.o(.text)
    I2C2_EV_IRQHandler                       0x08000243   Thumb Code     0  startup_stm32f405xx.o(.text)
    I2C3_ER_IRQHandler                       0x08000243   Thumb Code     0  startup_stm32f405xx.o(.text)
    I2C3_EV_IRQHandler                       0x08000243   Thumb Code     0  startup_stm32f405xx.o(.text)
    OTG_FS_IRQHandler                        0x08000243   Thumb Code     0  startup_stm32f405xx.o(.text)
    OTG_FS_WKUP_IRQHandler                   0x08000243   Thumb Code     0  startup_stm32f405xx.o(.text)
    OTG_HS_EP1_IN_IRQHandler                 0x08000243   Thumb Code     0  startup_stm32f405xx.o(.text)
    OTG_HS_EP1_OUT_IRQHandler                0x08000243   Thumb Code     0  startup_stm32f405xx.o(.text)
    OTG_HS_IRQHandler                        0x08000243   Thumb Code     0  startup_stm32f405xx.o(.text)
    OTG_HS_WKUP_IRQHandler                   0x08000243   Thumb Code     0  startup_stm32f405xx.o(.text)
    PVD_IRQHandler                           0x08000243   Thumb Code     0  startup_stm32f405xx.o(.text)
    RCC_IRQHandler                           0x08000243   Thumb Code     0  startup_stm32f405xx.o(.text)
    RTC_Alarm_IRQHandler                     0x08000243   Thumb Code     0  startup_stm32f405xx.o(.text)
    RTC_WKUP_IRQHandler                      0x08000243   Thumb Code     0  startup_stm32f405xx.o(.text)
    SDIO_IRQHandler                          0x08000243   Thumb Code     0  startup_stm32f405xx.o(.text)
    SPI1_IRQHandler                          0x08000243   Thumb Code     0  startup_stm32f405xx.o(.text)
    SPI2_IRQHandler                          0x08000243   Thumb Code     0  startup_stm32f405xx.o(.text)
    SPI3_IRQHandler                          0x08000243   Thumb Code     0  startup_stm32f405xx.o(.text)
    TAMP_STAMP_IRQHandler                    0x08000243   Thumb Code     0  startup_stm32f405xx.o(.text)
    TIM1_BRK_TIM9_IRQHandler                 0x08000243   Thumb Code     0  startup_stm32f405xx.o(.text)
    TIM1_CC_IRQHandler                       0x08000243   Thumb Code     0  startup_stm32f405xx.o(.text)
    TIM1_TRG_COM_TIM11_IRQHandler            0x08000243   Thumb Code     0  startup_stm32f405xx.o(.text)
    TIM1_UP_TIM10_IRQHandler                 0x08000243   Thumb Code     0  startup_stm32f405xx.o(.text)
    TIM2_IRQHandler                          0x08000243   Thumb Code     0  startup_stm32f405xx.o(.text)
    TIM3_IRQHandler                          0x08000243   Thumb Code     0  startup_stm32f405xx.o(.text)
    TIM4_IRQHandler                          0x08000243   Thumb Code     0  startup_stm32f405xx.o(.text)
    TIM5_IRQHandler                          0x08000243   Thumb Code     0  startup_stm32f405xx.o(.text)
    TIM6_DAC_IRQHandler                      0x08000243   Thumb Code     0  startup_stm32f405xx.o(.text)
    TIM7_IRQHandler                          0x08000243   Thumb Code     0  startup_stm32f405xx.o(.text)
    TIM8_CC_IRQHandler                       0x08000243   Thumb Code     0  startup_stm32f405xx.o(.text)
    TIM8_TRG_COM_TIM14_IRQHandler            0x08000243   Thumb Code     0  startup_stm32f405xx.o(.text)
    TIM8_UP_TIM13_IRQHandler                 0x08000243   Thumb Code     0  startup_stm32f405xx.o(.text)
    UART4_IRQHandler                         0x08000243   Thumb Code     0  startup_stm32f405xx.o(.text)
    UART5_IRQHandler                         0x08000243   Thumb Code     0  startup_stm32f405xx.o(.text)
    USART3_IRQHandler                        0x08000243   Thumb Code     0  startup_stm32f405xx.o(.text)
    USART6_IRQHandler                        0x08000243   Thumb Code     0  startup_stm32f405xx.o(.text)
    WWDG_IRQHandler                          0x08000243   Thumb Code     0  startup_stm32f405xx.o(.text)
    __user_initial_stackheap                 0x08000245   Thumb Code     0  startup_stm32f405xx.o(.text)
    __aeabi_uldivmod                         0x08000269   Thumb Code     0  lludivv7m.o(.text)
    _ll_udiv                                 0x08000269   Thumb Code   238  lludivv7m.o(.text)
    __aeabi_memclr4                          0x08000357   Thumb Code     0  rt_memclr_w.o(.text)
    __aeabi_memclr8                          0x08000357   Thumb Code     0  rt_memclr_w.o(.text)
    __rt_memclr_w                            0x08000357   Thumb Code    78  rt_memclr_w.o(.text)
    _memset_w                                0x0800035b   Thumb Code     0  rt_memclr_w.o(.text)
    __use_two_region_memory                  0x080003a5   Thumb Code     2  heapauxi.o(.text)
    __rt_heap_escrow$2region                 0x080003a7   Thumb Code     2  heapauxi.o(.text)
    __rt_heap_expand$2region                 0x080003a9   Thumb Code     2  heapauxi.o(.text)
    __user_setup_stackheap                   0x080003ab   Thumb Code    74  sys_stackheap_outer.o(.text)
    exit                                     0x080003f5   Thumb Code    18  exit.o(.text)
    __user_libspace                          0x08000409   Thumb Code     8  libspace.o(.text)
    __user_perproc_libspace                  0x08000409   Thumb Code     0  libspace.o(.text)
    __user_perthread_libspace                0x08000409   Thumb Code     0  libspace.o(.text)
    _sys_exit                                0x08000411   Thumb Code     8  sys_exit.o(.text)
    __I$use$semihosting                      0x0800041d   Thumb Code     0  use_no_semi.o(.text)
    __use_no_semihosting_swi                 0x0800041d   Thumb Code     2  use_no_semi.o(.text)
    __semihosting_library_function           0x0800041f   Thumb Code     0  indicate_semi.o(.text)
    AUV_Init                                 0x08000421   Thumb Code   268  usermain.o(i.AUV_Init)
    AUV_Task                                 0x08000561   Thumb Code   990  usermain.o(i.AUV_Task)
    Angle_Init                               0x08000979   Thumb Code    50  angle_resolve.o(i.Angle_Init)
    Angle_Resolve                            0x080009b1   Thumb Code   118  angle_resolve.o(i.Angle_Resolve)
    Angle_wrap_deg                           0x08000a2d   Thumb Code    36  angle_resolve.o(i.Angle_wrap_deg)
    BusFault_Handler                         0x08000a5d   Thumb Code     2  stm32f4xx_it.o(i.BusFault_Handler)
    DMA1_Stream0_IRQHandler                  0x08000a61   Thumb Code     6  stm32f4xx_it.o(i.DMA1_Stream0_IRQHandler)
    DMA1_Stream5_IRQHandler                  0x08000a6d   Thumb Code     6  stm32f4xx_it.o(i.DMA1_Stream5_IRQHandler)
    DMA1_Stream6_IRQHandler                  0x08000a79   Thumb Code     6  stm32f4xx_it.o(i.DMA1_Stream6_IRQHandler)
    DMA2_Stream2_IRQHandler                  0x08000a85   Thumb Code     6  stm32f4xx_it.o(i.DMA2_Stream2_IRQHandler)
    DebugMon_Handler                         0x08000b35   Thumb Code     2  stm32f4xx_it.o(i.DebugMon_Handler)
    Error_Handler                            0x08000b37   Thumb Code     4  main.o(i.Error_Handler)
    HAL_DMA_Abort                            0x08000b3b   Thumb Code   146  stm32f4xx_hal_dma.o(i.HAL_DMA_Abort)
    HAL_DMA_Abort_IT                         0x08000bcd   Thumb Code    36  stm32f4xx_hal_dma.o(i.HAL_DMA_Abort_IT)
    HAL_DMA_GetError                         0x08000bf1   Thumb Code     4  stm32f4xx_hal_dma.o(i.HAL_DMA_GetError)
    HAL_DMA_GetState                         0x08000bf5   Thumb Code     6  stm32f4xx_hal_dma.o(i.HAL_DMA_GetState)
    HAL_DMA_IRQHandler                       0x08000bfd   Thumb Code   412  stm32f4xx_hal_dma.o(i.HAL_DMA_IRQHandler)
    HAL_DMA_Init                             0x08000d9d   Thumb Code   206  stm32f4xx_hal_dma.o(i.HAL_DMA_Init)
    HAL_DMA_Start_IT                         0x08000e71   Thumb Code   110  stm32f4xx_hal_dma.o(i.HAL_DMA_Start_IT)
    HAL_Delay                                0x08000ee1   Thumb Code    32  stm32f4xx_hal.o(i.HAL_Delay)
    HAL_GPIO_Init                            0x08000f05   Thumb Code   450  stm32f4xx_hal_gpio.o(i.HAL_GPIO_Init)
    HAL_GetTick                              0x080010f5   Thumb Code     6  stm32f4xx_hal.o(i.HAL_GetTick)
    HAL_I2C_AbortCpltCallback                0x08001101   Thumb Code     2  stm32f4xx_hal_i2c.o(i.HAL_I2C_AbortCpltCallback)
    HAL_I2C_AddrCallback                     0x08001103   Thumb Code     2  stm32f4xx_hal_i2c.o(i.HAL_I2C_AddrCallback)
    HAL_I2C_ER_IRQHandler                    0x08001105   Thumb Code   186  stm32f4xx_hal_i2c.o(i.HAL_I2C_ER_IRQHandler)
    HAL_I2C_EV_IRQHandler                    0x080011bf   Thumb Code   560  stm32f4xx_hal_i2c.o(i.HAL_I2C_EV_IRQHandler)
    HAL_I2C_ErrorCallback                    0x080013ef   Thumb Code     4  i2c.o(i.HAL_I2C_ErrorCallback)
    HAL_I2C_Init                             0x080013f5   Thumb Code   376  stm32f4xx_hal_i2c.o(i.HAL_I2C_Init)
    HAL_I2C_ListenCpltCallback               0x0800157d   Thumb Code     2  stm32f4xx_hal_i2c.o(i.HAL_I2C_ListenCpltCallback)
    HAL_I2C_MasterRxCpltCallback             0x0800157f   Thumb Code     4  i2c.o(i.HAL_I2C_MasterRxCpltCallback)
    HAL_I2C_MasterTxCpltCallback             0x08001583   Thumb Code     4  i2c.o(i.HAL_I2C_MasterTxCpltCallback)
    HAL_I2C_Master_Receive                   0x08001589   Thumb Code   482  stm32f4xx_hal_i2c.o(i.HAL_I2C_Master_Receive)
    HAL_I2C_Master_Receive_DMA               0x08001779   Thumb Code   332  stm32f4xx_hal_i2c.o(i.HAL_I2C_Master_Receive_DMA)
    HAL_I2C_Master_Transmit                  0x080018d5   Thumb Code   290  stm32f4xx_hal_i2c.o(i.HAL_I2C_Master_Transmit)
    HAL_I2C_Master_Transmit_IT               0x08001a01   Thumb Code   176  stm32f4xx_hal_i2c.o(i.HAL_I2C_Master_Transmit_IT)
    HAL_I2C_MemRxCpltCallback                0x08001ab9   Thumb Code     2  stm32f4xx_hal_i2c.o(i.HAL_I2C_MemRxCpltCallback)
    HAL_I2C_MemTxCpltCallback                0x08001abb   Thumb Code     2  stm32f4xx_hal_i2c.o(i.HAL_I2C_MemTxCpltCallback)
    HAL_I2C_MspInit                          0x08001abd   Thumb Code   172  i2c.o(i.HAL_I2C_MspInit)
    HAL_I2C_SlaveRxCpltCallback              0x08001b7d   Thumb Code     2  stm32f4xx_hal_i2c.o(i.HAL_I2C_SlaveRxCpltCallback)
    HAL_I2C_SlaveTxCpltCallback              0x08001b7f   Thumb Code     2  stm32f4xx_hal_i2c.o(i.HAL_I2C_SlaveTxCpltCallback)
    HAL_IWDG_Init                            0x08001b81   Thumb Code    94  stm32f4xx_hal_iwdg.o(i.HAL_IWDG_Init)
    HAL_IWDG_Refresh                         0x08001bdf   Thumb Code    12  stm32f4xx_hal_iwdg.o(i.HAL_IWDG_Refresh)
    HAL_IncTick                              0x08001bed   Thumb Code    12  stm32f4xx_hal.o(i.HAL_IncTick)
    HAL_Init                                 0x08001bfd   Thumb Code    48  stm32f4xx_hal.o(i.HAL_Init)
    HAL_InitTick                             0x08001c31   Thumb Code    54  stm32f4xx_hal.o(i.HAL_InitTick)
    HAL_MspInit                              0x08001c71   Thumb Code    42  stm32f4xx_hal_msp.o(i.HAL_MspInit)
    HAL_NVIC_EnableIRQ                       0x08001ca1   Thumb Code    26  stm32f4xx_hal_cortex.o(i.HAL_NVIC_EnableIRQ)
    HAL_NVIC_SetPriority                     0x08001cbd   Thumb Code    60  stm32f4xx_hal_cortex.o(i.HAL_NVIC_SetPriority)
    HAL_NVIC_SetPriorityGrouping             0x08001cfd   Thumb Code    26  stm32f4xx_hal_cortex.o(i.HAL_NVIC_SetPriorityGrouping)
    HAL_RCC_ClockConfig                      0x08001d21   Thumb Code   288  stm32f4xx_hal_rcc.o(i.HAL_RCC_ClockConfig)
    HAL_RCC_GetPCLK1Freq                     0x08001e55   Thumb Code    20  stm32f4xx_hal_rcc.o(i.HAL_RCC_GetPCLK1Freq)
    HAL_RCC_GetPCLK2Freq                     0x08001e75   Thumb Code    20  stm32f4xx_hal_rcc.o(i.HAL_RCC_GetPCLK2Freq)
    HAL_RCC_GetSysClockFreq                  0x08001e95   Thumb Code    88  stm32f4xx_hal_rcc.o(i.HAL_RCC_GetSysClockFreq)
    HAL_RCC_OscConfig                        0x08001ef9   Thumb Code   856  stm32f4xx_hal_rcc.o(i.HAL_RCC_OscConfig)
    HAL_SYSTICK_Config                       0x08002265   Thumb Code    40  stm32f4xx_hal_cortex.o(i.HAL_SYSTICK_Config)
    HAL_TIMEx_BreakCallback                  0x0800228d   Thumb Code     2  stm32f4xx_hal_tim_ex.o(i.HAL_TIMEx_BreakCallback)
    HAL_TIMEx_CommutCallback                 0x0800228f   Thumb Code     2  stm32f4xx_hal_tim_ex.o(i.HAL_TIMEx_CommutCallback)
    HAL_TIMEx_MasterConfigSynchronization    0x08002291   Thumb Code   116  stm32f4xx_hal_tim_ex.o(i.HAL_TIMEx_MasterConfigSynchronization)
    HAL_TIM_Base_Init                        0x08002321   Thumb Code    90  stm32f4xx_hal_tim.o(i.HAL_TIM_Base_Init)
    HAL_TIM_Base_MspInit                     0x0800237d   Thumb Code    72  tim.o(i.HAL_TIM_Base_MspInit)
    HAL_TIM_Base_Start_IT                    0x080023d1   Thumb Code   100  stm32f4xx_hal_tim.o(i.HAL_TIM_Base_Start_IT)
    HAL_TIM_ConfigClockSource                0x08002451   Thumb Code   220  stm32f4xx_hal_tim.o(i.HAL_TIM_ConfigClockSource)
    HAL_TIM_IC_CaptureCallback               0x0800252d   Thumb Code     2  stm32f4xx_hal_tim.o(i.HAL_TIM_IC_CaptureCallback)
    HAL_TIM_IRQHandler                       0x0800252f   Thumb Code   304  stm32f4xx_hal_tim.o(i.HAL_TIM_IRQHandler)
    HAL_TIM_MspPostInit                      0x08002661   Thumb Code   188  tim.o(i.HAL_TIM_MspPostInit)
    HAL_TIM_OC_DelayElapsedCallback          0x0800272d   Thumb Code     2  stm32f4xx_hal_tim.o(i.HAL_TIM_OC_DelayElapsedCallback)
    HAL_TIM_PWM_ConfigChannel                0x0800272f   Thumb Code   204  stm32f4xx_hal_tim.o(i.HAL_TIM_PWM_ConfigChannel)
    HAL_TIM_PWM_Init                         0x080027fb   Thumb Code    90  stm32f4xx_hal_tim.o(i.HAL_TIM_PWM_Init)
    HAL_TIM_PWM_MspInit                      0x08002855   Thumb Code    30  tim.o(i.HAL_TIM_PWM_MspInit)
    HAL_TIM_PWM_PulseFinishedCallback        0x08002879   Thumb Code     2  stm32f4xx_hal_tim.o(i.HAL_TIM_PWM_PulseFinishedCallback)
    HAL_TIM_PWM_Start                        0x0800287d   Thumb Code   172  stm32f4xx_hal_tim.o(i.HAL_TIM_PWM_Start)
    HAL_TIM_PeriodElapsedCallback            0x08002945   Thumb Code     4  tim.o(i.HAL_TIM_PeriodElapsedCallback)
    HAL_TIM_TriggerCallback                  0x08002949   Thumb Code     2  stm32f4xx_hal_tim.o(i.HAL_TIM_TriggerCallback)
    HAL_UARTEx_ReceiveToIdle_DMA             0x0800294b   Thumb Code    74  stm32f4xx_hal_uart.o(i.HAL_UARTEx_ReceiveToIdle_DMA)
    HAL_UARTEx_RxEventCallback               0x08002995   Thumb Code   112  usart.o(i.HAL_UARTEx_RxEventCallback)
    HAL_UART_DMAStop                         0x08002a1d   Thumb Code   112  stm32f4xx_hal_uart.o(i.HAL_UART_DMAStop)
    HAL_UART_ErrorCallback                   0x08002a8d   Thumb Code    24  usart.o(i.HAL_UART_ErrorCallback)
    HAL_UART_IRQHandler                      0x08002aad   Thumb Code   636  stm32f4xx_hal_uart.o(i.HAL_UART_IRQHandler)
    HAL_UART_Init                            0x08002d2d   Thumb Code   100  stm32f4xx_hal_uart.o(i.HAL_UART_Init)
    HAL_UART_MspInit                         0x08002d91   Thumb Code   334  usart.o(i.HAL_UART_MspInit)
    HAL_UART_RxCpltCallback                  0x08002f01   Thumb Code     2  stm32f4xx_hal_uart.o(i.HAL_UART_RxCpltCallback)
    HAL_UART_RxHalfCpltCallback              0x08002f03   Thumb Code     2  stm32f4xx_hal_uart.o(i.HAL_UART_RxHalfCpltCallback)
    HAL_UART_Transmit                        0x08002f05   Thumb Code   160  stm32f4xx_hal_uart.o(i.HAL_UART_Transmit)
    HAL_UART_Transmit_DMA                    0x08002fa5   Thumb Code   120  stm32f4xx_hal_uart.o(i.HAL_UART_Transmit_DMA)
    HAL_UART_TxCpltCallback                  0x08003029   Thumb Code     2  stm32f4xx_hal_uart.o(i.HAL_UART_TxCpltCallback)
    HAL_UART_TxHalfCpltCallback              0x0800302b   Thumb Code     2  stm32f4xx_hal_uart.o(i.HAL_UART_TxHalfCpltCallback)
    HardFault_Handler                        0x0800302d   Thumb Code     2  stm32f4xx_it.o(i.HardFault_Handler)
    I2C1_ER_IRQHandler                       0x08003031   Thumb Code     6  stm32f4xx_it.o(i.I2C1_ER_IRQHandler)
    I2C1_EV_IRQHandler                       0x0800303d   Thumb Code     6  stm32f4xx_it.o(i.I2C1_EV_IRQHandler)
    MS5837_GetData                           0x0800413d   Thumb Code     4  ms5837.o(i.MS5837_GetData)
    MS5837_I2C_ErrorCallback                 0x08004145   Thumb Code    14  ms5837.o(i.MS5837_I2C_ErrorCallback)
    MS5837_I2C_RxCpltCallback                0x0800415d   Thumb Code    72  ms5837.o(i.MS5837_I2C_RxCpltCallback)
    MS5837_I2C_TxCpltCallback                0x080041ad   Thumb Code    52  ms5837.o(i.MS5837_I2C_TxCpltCallback)
    MS5837_Init                              0x080041e9   Thumb Code   124  ms5837.o(i.MS5837_Init)
    MS5837_Process                           0x08004271   Thumb Code    26  ms5837.o(i.MS5837_Process)
    MS5837_TimerTick                         0x080042c5   Thumb Code    38  ms5837.o(i.MS5837_TimerTick)
    MX_DMA_Init                              0x080042f5   Thumb Code   104  dma.o(i.MX_DMA_Init)
    MX_GPIO_Init                             0x08004361   Thumb Code    54  gpio.o(i.MX_GPIO_Init)
    MX_I2C1_Init                             0x0800439d   Thumb Code    50  i2c.o(i.MX_I2C1_Init)
    MX_IWDG_Init                             0x080043dd   Thumb Code    36  iwdg.o(i.MX_IWDG_Init)
    MX_TIM12_Init                            0x08004409   Thumb Code    68  tim.o(i.MX_TIM12_Init)
    MX_TIM2_Init                             0x08004455   Thumb Code   154  tim.o(i.MX_TIM2_Init)
    MX_TIM3_Init                             0x080044f5   Thumb Code   192  tim.o(i.MX_TIM3_Init)
    MX_USART1_UART_Init                      0x080045bd   Thumb Code    48  usart.o(i.MX_USART1_UART_Init)
    MX_USART2_UART_Init                      0x080045f5   Thumb Code    48  usart.o(i.MX_USART2_UART_Init)
    MemManage_Handler                        0x0800462d   Thumb Code     2  stm32f4xx_it.o(i.MemManage_Handler)
    NMI_Handler                              0x0800462f   Thumb Code     2  stm32f4xx_it.o(i.NMI_Handler)
    PID_Calculate                            0x08004631   Thumb Code   172  pid.o(i.PID_Calculate)
    PID_Init                                 0x080046e1   Thumb Code    88  pid.o(i.PID_Init)
    PendSV_Handler                           0x08004741   Thumb Code     2  stm32f4xx_it.o(i.PendSV_Handler)
    RCPower_Calc                             0x08004745   Thumb Code   324  motor.o(i.RCPower_Calc)
    RC_InputByte                             0x080048b1   Thumb Code    46  rc.o(i.RC_InputByte)
    RC_Matching                              0x080048e9   Thumb Code    34  rc.o(i.RC_Matching)
    RC_Matching_Spin                         0x08004915   Thumb Code    88  rc.o(i.RC_Matching_Spin)
    RC_Translate                             0x0800498d   Thumb Code   252  rc.o(i.RC_Translate)
    RC_WhetherRollStop                       0x08004a91   Thumb Code    20  rc.o(i.RC_WhetherRollStop)
    RC_WhetherSE_IN_JustNow                  0x08004aa9   Thumb Code    24  rc.o(i.RC_WhetherSE_IN_JustNow)
    RC_WhetherSE_OUT_JustNow                 0x08004ac5   Thumb Code    20  rc.o(i.RC_WhetherSE_OUT_JustNow)
    RC_WhetherYawStop                        0x08004add   Thumb Code    20  rc.o(i.RC_WhetherYawStop)
    RC_WhetherYawStopJustNow                 0x08004af5   Thumb Code    34  rc.o(i.RC_WhetherYawStopJustNow)
    Rc2MyRcKey                               0x08004b1d   Thumb Code    74  rc.o(i.Rc2MyRcKey)
    SVC_Handler                              0x08004b75   Thumb Code     2  stm32f4xx_it.o(i.SVC_Handler)
    SysTick_Handler                          0x08004b77   Thumb Code     4  stm32f4xx_it.o(i.SysTick_Handler)
    SystemClock_Config                       0x08004b7d   Thumb Code   144  main.o(i.SystemClock_Config)
    SystemInit                               0x08004c15   Thumb Code    12  system_stm32f4xx.o(i.SystemInit)
    TIM8_BRK_TIM12_IRQHandler                0x08004c25   Thumb Code     6  stm32f4xx_it.o(i.TIM8_BRK_TIM12_IRQHandler)
    TIM_Base_SetConfig                       0x08004c31   Thumb Code   164  stm32f4xx_hal_tim.o(i.TIM_Base_SetConfig)
    TIM_CCxChannelCmd                        0x08004d01   Thumb Code    26  stm32f4xx_hal_tim.o(i.TIM_CCxChannelCmd)
    TIM_ETR_SetConfig                        0x08004d1b   Thumb Code    20  stm32f4xx_hal_tim.o(i.TIM_ETR_SetConfig)
    TIM_OC2_SetConfig                        0x08004da1   Thumb Code    98  stm32f4xx_hal_tim.o(i.TIM_OC2_SetConfig)
    UART_Start_Receive_DMA                   0x08005375   Thumb Code   146  stm32f4xx_hal_uart.o(i.UART_Start_Receive_DMA)
    USART1_IRQHandler                        0x08005489   Thumb Code     6  stm32f4xx_it.o(i.USART1_IRQHandler)
    USART1_Receive_DMA_Init                  0x08005495   Thumb Code    38  usart.o(i.USART1_Receive_DMA_Init)
    USART2_IRQHandler                        0x080054c5   Thumb Code     6  stm32f4xx_it.o(i.USART2_IRQHandler)
    USART2_Receive_DMA_Init                  0x080054d1   Thumb Code    38  usart.o(i.USART2_Receive_DMA_Init)
    UsageFault_Handler                       0x08005501   Thumb Code     2  stm32f4xx_it.o(i.UsageFault_Handler)
    absf                                     0x08005523   Thumb Code    16  pid.o(i.absf)
    constrain                                0x08005533   Thumb Code    36  pid.o(i.constrain)
    constrain_motor_power                    0x08005557   Thumb Code    16  usermain.o(i.constrain_motor_power)
    h30_configure                            0x08005569   Thumb Code    44  imu.o(i.h30_configure)
    h30_data_callback                        0x0800559d   Thumb Code   150  imu.o(i.h30_data_callback)
    h30_parse_data                           0x0800563d   Thumb Code   692  imu.o(i.h30_parse_data)
    main                                     0x08005945   Thumb Code    62  main.o(i.main)
    __aeabi_dadd                             0x080059c9   Thumb Code     0  daddsub_clz.o(x$fpl$dadd)
    _dadd                                    0x080059c9   Thumb Code   332  daddsub_clz.o(x$fpl$dadd)
    __aeabi_d2uiz                            0x08005b19   Thumb Code     0  dfixu.o(x$fpl$dfixu)
    _dfixu                                   0x08005b19   Thumb Code    90  dfixu.o(x$fpl$dfixu)
    __aeabi_ui2d                             0x08005b73   Thumb Code     0  dflt_clz.o(x$fpl$dfltu)
    _dfltu                                   0x08005b73   Thumb Code    38  dflt_clz.o(x$fpl$dfltu)
    __aeabi_dmul                             0x08005b99   Thumb Code     0  dmul.o(x$fpl$dmul)
    _dmul                                    0x08005b99   Thumb Code   332  dmul.o(x$fpl$dmul)
    __fpl_dnaninf                            0x08005ced   Thumb Code   156  dnaninf.o(x$fpl$dnaninf)
    __fpl_dretinf                            0x08005d89   Thumb Code    12  dretinf.o(x$fpl$dretinf)
    __aeabi_dsub                             0x08005d95   Thumb Code     0  daddsub_clz.o(x$fpl$dsub)
    _dsub                                    0x08005d95   Thumb Code   464  daddsub_clz.o(x$fpl$dsub)
    _fp_init                                 0x08005f69   Thumb Code    10  fpinit.o(x$fpl$fpinit)
    __fplib_config_fpu_vfp                   0x08005f71   Thumb Code     0  fpinit.o(x$fpl$fpinit)
    __fplib_config_pureend_doubles           0x08005f71   Thumb Code     0  fpinit.o(x$fpl$fpinit)
    __I$use$fp                               0x08005f72   Number         0  usenofp.o(x$fpl$usenofp)
    AHBPrescTable                            0x08005f7a   Data          16  system_stm32f4xx.o(.constdata)
    APBPrescTable                            0x08005f8a   Data           8  system_stm32f4xx.o(.constdata)
    Region$$Table$$Base                      0x08005fa4   Number         0  anon$$obj.o(Region$$Table)
    Region$$Table$$Limit                     0x08005fc4   Number         0  anon$$obj.o(Region$$Table)
    uwTickFreq                               0x20000000   Data           1  stm32f4xx_hal.o(.data)
    uwTickPrio                               0x20000004   Data           4  stm32f4xx_hal.o(.data)
    uwTick                                   0x20000008   Data           4  stm32f4xx_hal.o(.data)
    SystemCoreClock                          0x2000000c   Data           4  system_stm32f4xx.o(.data)
    imu_offset_calibrated                    0x20000010   Data           1  imu.o(.data)
    imu_data_ready                           0x20000011   Data           1  imu.o(.data)
    RCStep                                   0x20000018   Data           4  motor.o(.data)
    YawFirstTimeStopFlag                     0x2000001c   Data           1  rc.o(.data)
    YawFirstTimeStopFlagflag                 0x2000001d   Data           1  rc.o(.data)
    YawStopFlag                              0x2000001e   Data           1  rc.o(.data)
    RollStopFlag                             0x2000001f   Data           1  rc.o(.data)
    RCflag                                   0x20000020   Data           1  rc.o(.data)
    Serial_RcFlag                            0x20000021   Data           1  rc.o(.data)
    RC_SI_In                                 0x20000022   Data           1  rc.o(.data)
    RC_SI_Out                                0x20000023   Data           1  rc.o(.data)
    RC_Disconnecttimes                       0x20000028   Data           4  rc.o(.data)
    PID_Cal_Flag                             0x2000002c   Data           1  usermain.o(.data)
    RC_Cal_Flag                              0x2000002d   Data           1  usermain.o(.data)
    MAX_DEV                                  0x20000030   Data           4  usermain.o(.data)
    plant1_xishu                             0x20000034   Data           4  usermain.o(.data)
    plant2_xishu                             0x20000038   Data           4  usermain.o(.data)
    rc_xishu                                 0x2000003c   Data           4  usermain.o(.data)
    depth_xishu                              0x20000040   Data           4  usermain.o(.data)
    target_depth                             0x20000044   Data           4  usermain.o(.data)
    MS5837_Data                              0x2000004c   Data           4  usermain.o(.data)
    hi2c1                                    0x20000064   Data          84  i2c.o(.bss)
    hdma_i2c1_rx                             0x200000b8   Data          96  i2c.o(.bss)
    hiwdg                                    0x20000118   Data          12  iwdg.o(.bss)
    htim2                                    0x20000124   Data          72  tim.o(.bss)
    htim3                                    0x2000016c   Data          72  tim.o(.bss)
    htim12                                   0x200001b4   Data          72  tim.o(.bss)
    huart1                                   0x200001fc   Data          72  usart.o(.bss)
    huart2                                   0x20000244   Data          72  usart.o(.bss)
    hdma_usart1_rx                           0x2000028c   Data          96  usart.o(.bss)
    hdma_usart2_rx                           0x200002ec   Data          96  usart.o(.bss)
    hdma_usart2_tx                           0x2000034c   Data          96  usart.o(.bss)
    PID_roll                                 0x2000046c   Data          64  pid.o(.bss)
    PID_plant1                               0x200004ac   Data          64  pid.o(.bss)
    PID_plant2                               0x200004ec   Data          64  pid.o(.bss)
    PID_depth                                0x2000052c   Data          64  pid.o(.bss)
    Angle                                    0x2000056c   Data          64  angle_resolve.o(.bss)
    imu_data                                 0x200005ac   Data          36  imu.o(.bss)
    imu_offset                               0x200005d0   Data          12  imu.o(.bss)
    RCPower                                  0x200006ec   Data          32  motor.o(.bss)
    MyRCKey                                  0x2000070c   Data          15  rc.o(.bss)
    LastMyRCKey                              0x2000071b   Data          15  rc.o(.bss)
    RcData                                   0x2000072a   Data          11  rc.o(.bss)
    pid_dev                                  0x20000738   Data          32  usermain.o(.bss)
    rc_dev                                   0x20000758   Data          32  usermain.o(.bss)
    t                                        0x20000778   Data          16  usermain.o(.bss)
    Send                                     0x20000788   Data          16  usermain.o(.bss)
    __libspace_start                         0x200007b4   Data          96  libspace.o(.bss)
    __temporary_stack_top$libspace           0x20000814   Data           0  libspace.o(.bss)



==============================================================================

Memory Map of the image

  Image Entry point : 0x08000189

  Load Region LR_IROM1 (Base: 0x08000000, Size: 0x00006028, Max: 0x00100000, ABSOLUTE)

    Execution Region ER_IROM1 (Exec base: 0x08000000, Load base: 0x08000000, Size: 0x00005fc4, Max: 0x00100000, ABSOLUTE)

    Exec Addr    Load Addr    Size         Type   Attr      Idx    E Section Name        Object

    0x08000000   0x08000000   0x00000188   Data   RO            3    RESET               startup_stm32f405xx.o
    0x08000188   0x08000188   0x00000008   Code   RO         4071  * !!!main             c_w.l(__main.o)
    0x08000190   0x08000190   0x00000034   Code   RO         4261    !!!scatter          c_w.l(__scatter.o)
    0x080001c4   0x080001c4   0x0000001a   Code   RO         4263    !!handler_copy      c_w.l(__scatter_copy.o)
    0x080001de   0x080001de   0x00000002   PAD
    0x080001e0   0x080001e0   0x0000001c   Code   RO         4265    !!handler_zi        c_w.l(__scatter_zi.o)
    0x080001fc   0x080001fc   0x00000002   Code   RO         4131    .ARM.Collect$$libinit$$00000000  c_w.l(libinit.o)
    0x080001fe   0x080001fe   0x00000004   Code   RO         4143    .ARM.Collect$$libinit$$00000001  c_w.l(libinit2.o)
    0x08000202   0x08000202   0x00000000   Code   RO         4146    .ARM.Collect$$libinit$$00000004  c_w.l(libinit2.o)
    0x08000202   0x08000202   0x00000000   Code   RO         4149    .ARM.Collect$$libinit$$0000000A  c_w.l(libinit2.o)
    0x08000202   0x08000202   0x00000000   Code   RO         4151    .ARM.Collect$$libinit$$0000000C  c_w.l(libinit2.o)
    0x08000202   0x08000202   0x00000000   Code   RO         4153    .ARM.Collect$$libinit$$0000000E  c_w.l(libinit2.o)
    0x08000202   0x08000202   0x00000000   Code   RO         4156    .ARM.Collect$$libinit$$00000011  c_w.l(libinit2.o)
    0x08000202   0x08000202   0x00000000   Code   RO         4158    .ARM.Collect$$libinit$$00000013  c_w.l(libinit2.o)
    0x08000202   0x08000202   0x00000000   Code   RO         4160    .ARM.Collect$$libinit$$00000015  c_w.l(libinit2.o)
    0x08000202   0x08000202   0x00000000   Code   RO         4162    .ARM.Collect$$libinit$$00000017  c_w.l(libinit2.o)
    0x08000202   0x08000202   0x00000000   Code   RO         4164    .ARM.Collect$$libinit$$00000019  c_w.l(libinit2.o)
    0x08000202   0x08000202   0x00000000   Code   RO         4166    .ARM.Collect$$libinit$$0000001B  c_w.l(libinit2.o)
    0x08000202   0x08000202   0x00000000   Code   RO         4168    .ARM.Collect$$libinit$$0000001D  c_w.l(libinit2.o)
    0x08000202   0x08000202   0x00000000   Code   RO         4170    .ARM.Collect$$libinit$$0000001F  c_w.l(libinit2.o)
    0x08000202   0x08000202   0x00000000   Code   RO         4172    .ARM.Collect$$libinit$$00000021  c_w.l(libinit2.o)
    0x08000202   0x08000202   0x00000000   Code   RO         4174    .ARM.Collect$$libinit$$00000023  c_w.l(libinit2.o)
    0x08000202   0x08000202   0x00000000   Code   RO         4176    .ARM.Collect$$libinit$$00000025  c_w.l(libinit2.o)
    0x08000202   0x08000202   0x00000000   Code   RO         4180    .ARM.Collect$$libinit$$0000002C  c_w.l(libinit2.o)
    0x08000202   0x08000202   0x00000000   Code   RO         4182    .ARM.Collect$$libinit$$0000002E  c_w.l(libinit2.o)
    0x08000202   0x08000202   0x00000000   Code   RO         4184    .ARM.Collect$$libinit$$00000030  c_w.l(libinit2.o)
    0x08000202   0x08000202   0x00000000   Code   RO         4186    .ARM.Collect$$libinit$$00000032  c_w.l(libinit2.o)
    0x08000202   0x08000202   0x00000002   Code   RO         4187    .ARM.Collect$$libinit$$00000033  c_w.l(libinit2.o)
    0x08000204   0x08000204   0x00000002   Code   RO         4218    .ARM.Collect$$libshutdown$$00000000  c_w.l(libshutdown.o)
    0x08000206   0x08000206   0x00000000   Code   RO         4244    .ARM.Collect$$libshutdown$$00000002  c_w.l(libshutdown2.o)
    0x08000206   0x08000206   0x00000000   Code   RO         4246    .ARM.Collect$$libshutdown$$00000004  c_w.l(libshutdown2.o)
    0x08000206   0x08000206   0x00000000   Code   RO         4249    .ARM.Collect$$libshutdown$$00000007  c_w.l(libshutdown2.o)
    0x08000206   0x08000206   0x00000000   Code   RO         4252    .ARM.Collect$$libshutdown$$0000000A  c_w.l(libshutdown2.o)
    0x08000206   0x08000206   0x00000000   Code   RO         4254    .ARM.Collect$$libshutdown$$0000000C  c_w.l(libshutdown2.o)
    0x08000206   0x08000206   0x00000000   Code   RO         4257    .ARM.Collect$$libshutdown$$0000000F  c_w.l(libshutdown2.o)
    0x08000206   0x08000206   0x00000002   Code   RO         4258    .ARM.Collect$$libshutdown$$00000010  c_w.l(libshutdown2.o)
    0x08000208   0x08000208   0x00000000   Code   RO         4091    .ARM.Collect$$rtentry$$00000000  c_w.l(__rtentry.o)
    0x08000208   0x08000208   0x00000000   Code   RO         4102    .ARM.Collect$$rtentry$$00000002  c_w.l(__rtentry2.o)
    0x08000208   0x08000208   0x00000006   Code   RO         4114    .ARM.Collect$$rtentry$$00000004  c_w.l(__rtentry4.o)
    0x0800020e   0x0800020e   0x00000000   Code   RO         4104    .ARM.Collect$$rtentry$$00000009  c_w.l(__rtentry2.o)
    0x0800020e   0x0800020e   0x00000004   Code   RO         4105    .ARM.Collect$$rtentry$$0000000A  c_w.l(__rtentry2.o)
    0x08000212   0x08000212   0x00000000   Code   RO         4107    .ARM.Collect$$rtentry$$0000000C  c_w.l(__rtentry2.o)
    0x08000212   0x08000212   0x00000008   Code   RO         4108    .ARM.Collect$$rtentry$$0000000D  c_w.l(__rtentry2.o)
    0x0800021a   0x0800021a   0x00000002   Code   RO         4135    .ARM.Collect$$rtexit$$00000000  c_w.l(rtexit.o)
    0x0800021c   0x0800021c   0x00000000   Code   RO         4191    .ARM.Collect$$rtexit$$00000002  c_w.l(rtexit2.o)
    0x0800021c   0x0800021c   0x00000004   Code   RO         4192    .ARM.Collect$$rtexit$$00000003  c_w.l(rtexit2.o)
    0x08000220   0x08000220   0x00000006   Code   RO         4193    .ARM.Collect$$rtexit$$00000004  c_w.l(rtexit2.o)
    0x08000226   0x08000226   0x00000002   PAD
    0x08000228   0x08000228   0x00000040   Code   RO            4    .text               startup_stm32f405xx.o
    0x08000268   0x08000268   0x000000ee   Code   RO         4065    .text               c_w.l(lludivv7m.o)
    0x08000356   0x08000356   0x0000004e   Code   RO         4067    .text               c_w.l(rt_memclr_w.o)
    0x080003a4   0x080003a4   0x00000006   Code   RO         4069    .text               c_w.l(heapauxi.o)
    0x080003aa   0x080003aa   0x0000004a   Code   RO         4118    .text               c_w.l(sys_stackheap_outer.o)
    0x080003f4   0x080003f4   0x00000012   Code   RO         4120    .text               c_w.l(exit.o)
    0x08000406   0x08000406   0x00000002   PAD
    0x08000408   0x08000408   0x00000008   Code   RO         4132    .text               c_w.l(libspace.o)
    0x08000410   0x08000410   0x0000000c   Code   RO         4188    .text               c_w.l(sys_exit.o)
    0x0800041c   0x0800041c   0x00000002   Code   RO         4207    .text               c_w.l(use_no_semi.o)
    0x0800041e   0x0800041e   0x00000000   Code   RO         4209    .text               c_w.l(indicate_semi.o)
    0x0800041e   0x0800041e   0x00000002   PAD
    0x08000420   0x08000420   0x00000140   Code   RO         3914    i.AUV_Init          usermain.o
    0x08000560   0x08000560   0x00000418   Code   RO         3915    i.AUV_Task          usermain.o
    0x08000978   0x08000978   0x00000038   Code   RO         3687    i.Angle_Init        angle_resolve.o
    0x080009b0   0x080009b0   0x0000007c   Code   RO         3688    i.Angle_Resolve     angle_resolve.o
    0x08000a2c   0x08000a2c   0x00000030   Code   RO         3689    i.Angle_wrap_deg    angle_resolve.o
    0x08000a5c   0x08000a5c   0x00000002   Code   RO          487    i.BusFault_Handler  stm32f4xx_it.o
    0x08000a5e   0x08000a5e   0x00000002   PAD
    0x08000a60   0x08000a60   0x0000000c   Code   RO          488    i.DMA1_Stream0_IRQHandler  stm32f4xx_it.o
    0x08000a6c   0x08000a6c   0x0000000c   Code   RO          489    i.DMA1_Stream5_IRQHandler  stm32f4xx_it.o
    0x08000a78   0x08000a78   0x0000000c   Code   RO          490    i.DMA1_Stream6_IRQHandler  stm32f4xx_it.o
    0x08000a84   0x08000a84   0x0000000c   Code   RO          491    i.DMA2_Stream2_IRQHandler  stm32f4xx_it.o
    0x08000a90   0x08000a90   0x00000028   Code   RO         1555    i.DMA_CalcBaseAndBitshift  stm32f4xx_hal_dma.o
    0x08000ab8   0x08000ab8   0x00000054   Code   RO         1556    i.DMA_CheckFifoParam  stm32f4xx_hal_dma.o
    0x08000b0c   0x08000b0c   0x00000028   Code   RO         1557    i.DMA_SetConfig     stm32f4xx_hal_dma.o
    0x08000b34   0x08000b34   0x00000002   Code   RO          492    i.DebugMon_Handler  stm32f4xx_it.o
    0x08000b36   0x08000b36   0x00000004   Code   RO           13    i.Error_Handler     main.o
    0x08000b3a   0x08000b3a   0x00000092   Code   RO         1558    i.HAL_DMA_Abort     stm32f4xx_hal_dma.o
    0x08000bcc   0x08000bcc   0x00000024   Code   RO         1559    i.HAL_DMA_Abort_IT  stm32f4xx_hal_dma.o
    0x08000bf0   0x08000bf0   0x00000004   Code   RO         1561    i.HAL_DMA_GetError  stm32f4xx_hal_dma.o
    0x08000bf4   0x08000bf4   0x00000006   Code   RO         1562    i.HAL_DMA_GetState  stm32f4xx_hal_dma.o
    0x08000bfa   0x08000bfa   0x00000002   PAD
    0x08000bfc   0x08000bfc   0x000001a0   Code   RO         1563    i.HAL_DMA_IRQHandler  stm32f4xx_hal_dma.o
    0x08000d9c   0x08000d9c   0x000000d4   Code   RO         1564    i.HAL_DMA_Init      stm32f4xx_hal_dma.o
    0x08000e70   0x08000e70   0x0000006e   Code   RO         1568    i.HAL_DMA_Start_IT  stm32f4xx_hal_dma.o
    0x08000ede   0x08000ede   0x00000002   PAD
    0x08000ee0   0x08000ee0   0x00000024   Code   RO         1995    i.HAL_Delay         stm32f4xx_hal.o
    0x08000f04   0x08000f04   0x000001f0   Code   RO         1451    i.HAL_GPIO_Init     stm32f4xx_hal_gpio.o
    0x080010f4   0x080010f4   0x0000000c   Code   RO         2001    i.HAL_GetTick       stm32f4xx_hal.o
    0x08001100   0x08001100   0x00000002   Code   RO          641    i.HAL_I2C_AbortCpltCallback  stm32f4xx_hal_i2c.o
    0x08001102   0x08001102   0x00000002   Code   RO          642    i.HAL_I2C_AddrCallback  stm32f4xx_hal_i2c.o
    0x08001104   0x08001104   0x000000ba   Code   RO          645    i.HAL_I2C_ER_IRQHandler  stm32f4xx_hal_i2c.o
    0x080011be   0x080011be   0x00000230   Code   RO          646    i.HAL_I2C_EV_IRQHandler  stm32f4xx_hal_i2c.o
    0x080013ee   0x080013ee   0x00000004   Code   RO          229    i.HAL_I2C_ErrorCallback  i2c.o
    0x080013f2   0x080013f2   0x00000002   PAD
    0x080013f4   0x080013f4   0x00000188   Code   RO          652    i.HAL_I2C_Init      stm32f4xx_hal_i2c.o
    0x0800157c   0x0800157c   0x00000002   Code   RO          654    i.HAL_I2C_ListenCpltCallback  stm32f4xx_hal_i2c.o
    0x0800157e   0x0800157e   0x00000004   Code   RO          230    i.HAL_I2C_MasterRxCpltCallback  i2c.o
    0x08001582   0x08001582   0x00000004   Code   RO          231    i.HAL_I2C_MasterTxCpltCallback  i2c.o
    0x08001586   0x08001586   0x00000002   PAD
    0x08001588   0x08001588   0x000001f0   Code   RO          658    i.HAL_I2C_Master_Receive  stm32f4xx_hal_i2c.o
    0x08001778   0x08001778   0x0000015c   Code   RO          659    i.HAL_I2C_Master_Receive_DMA  stm32f4xx_hal_i2c.o
    0x080018d4   0x080018d4   0x0000012c   Code   RO          665    i.HAL_I2C_Master_Transmit  stm32f4xx_hal_i2c.o
    0x08001a00   0x08001a00   0x000000b8   Code   RO          667    i.HAL_I2C_Master_Transmit_IT  stm32f4xx_hal_i2c.o
    0x08001ab8   0x08001ab8   0x00000002   Code   RO          668    i.HAL_I2C_MemRxCpltCallback  stm32f4xx_hal_i2c.o
    0x08001aba   0x08001aba   0x00000002   Code   RO          669    i.HAL_I2C_MemTxCpltCallback  stm32f4xx_hal_i2c.o
    0x08001abc   0x08001abc   0x000000c0   Code   RO          233    i.HAL_I2C_MspInit   i2c.o
    0x08001b7c   0x08001b7c   0x00000002   Code   RO          678    i.HAL_I2C_SlaveRxCpltCallback  stm32f4xx_hal_i2c.o
    0x08001b7e   0x08001b7e   0x00000002   Code   RO          679    i.HAL_I2C_SlaveTxCpltCallback  stm32f4xx_hal_i2c.o
    0x08001b80   0x08001b80   0x0000005e   Code   RO         2246    i.HAL_IWDG_Init     stm32f4xx_hal_iwdg.o
    0x08001bde   0x08001bde   0x0000000c   Code   RO         2247    i.HAL_IWDG_Refresh  stm32f4xx_hal_iwdg.o
    0x08001bea   0x08001bea   0x00000002   PAD
    0x08001bec   0x08001bec   0x00000010   Code   RO         2007    i.HAL_IncTick       stm32f4xx_hal.o
    0x08001bfc   0x08001bfc   0x00000034   Code   RO         2008    i.HAL_Init          stm32f4xx_hal.o
    0x08001c30   0x08001c30   0x00000040   Code   RO         2009    i.HAL_InitTick      stm32f4xx_hal.o
    0x08001c70   0x08001c70   0x00000030   Code   RO          617    i.HAL_MspInit       stm32f4xx_hal_msp.o
    0x08001ca0   0x08001ca0   0x0000001a   Code   RO         1843    i.HAL_NVIC_EnableIRQ  stm32f4xx_hal_cortex.o
    0x08001cba   0x08001cba   0x00000002   PAD
    0x08001cbc   0x08001cbc   0x00000040   Code   RO         1849    i.HAL_NVIC_SetPriority  stm32f4xx_hal_cortex.o
    0x08001cfc   0x08001cfc   0x00000024   Code   RO         1850    i.HAL_NVIC_SetPriorityGrouping  stm32f4xx_hal_cortex.o
    0x08001d20   0x08001d20   0x00000134   Code   RO         1097    i.HAL_RCC_ClockConfig  stm32f4xx_hal_rcc.o
    0x08001e54   0x08001e54   0x00000020   Code   RO         1104    i.HAL_RCC_GetPCLK1Freq  stm32f4xx_hal_rcc.o
    0x08001e74   0x08001e74   0x00000020   Code   RO         1105    i.HAL_RCC_GetPCLK2Freq  stm32f4xx_hal_rcc.o
    0x08001e94   0x08001e94   0x00000064   Code   RO         1106    i.HAL_RCC_GetSysClockFreq  stm32f4xx_hal_rcc.o
    0x08001ef8   0x08001ef8   0x0000036c   Code   RO         1109    i.HAL_RCC_OscConfig  stm32f4xx_hal_rcc.o
    0x08002264   0x08002264   0x00000028   Code   RO         1854    i.HAL_SYSTICK_Config  stm32f4xx_hal_cortex.o
    0x0800228c   0x0800228c   0x00000002   Code   RO         2982    i.HAL_TIMEx_BreakCallback  stm32f4xx_hal_tim_ex.o
    0x0800228e   0x0800228e   0x00000002   Code   RO         2983    i.HAL_TIMEx_CommutCallback  stm32f4xx_hal_tim_ex.o
    0x08002290   0x08002290   0x00000090   Code   RO         3001    i.HAL_TIMEx_MasterConfigSynchronization  stm32f4xx_hal_tim_ex.o
    0x08002320   0x08002320   0x0000005a   Code   RO         2278    i.HAL_TIM_Base_Init  stm32f4xx_hal_tim.o
    0x0800237a   0x0800237a   0x00000002   PAD
    0x0800237c   0x0800237c   0x00000054   Code   RO          326    i.HAL_TIM_Base_MspInit  tim.o
    0x080023d0   0x080023d0   0x00000080   Code   RO         2283    i.HAL_TIM_Base_Start_IT  stm32f4xx_hal_tim.o
    0x08002450   0x08002450   0x000000dc   Code   RO         2287    i.HAL_TIM_ConfigClockSource  stm32f4xx_hal_tim.o
    0x0800252c   0x0800252c   0x00000002   Code   RO         2312    i.HAL_TIM_IC_CaptureCallback  stm32f4xx_hal_tim.o
    0x0800252e   0x0800252e   0x00000130   Code   RO         2326    i.HAL_TIM_IRQHandler  stm32f4xx_hal_tim.o
    0x0800265e   0x0800265e   0x00000002   PAD
    0x08002660   0x08002660   0x000000cc   Code   RO          327    i.HAL_TIM_MspPostInit  tim.o
    0x0800272c   0x0800272c   0x00000002   Code   RO         2329    i.HAL_TIM_OC_DelayElapsedCallback  stm32f4xx_hal_tim.o
    0x0800272e   0x0800272e   0x000000cc   Code   RO         2350    i.HAL_TIM_PWM_ConfigChannel  stm32f4xx_hal_tim.o
    0x080027fa   0x080027fa   0x0000005a   Code   RO         2353    i.HAL_TIM_PWM_Init  stm32f4xx_hal_tim.o
    0x08002854   0x08002854   0x00000024   Code   RO          329    i.HAL_TIM_PWM_MspInit  tim.o
    0x08002878   0x08002878   0x00000002   Code   RO         2356    i.HAL_TIM_PWM_PulseFinishedCallback  stm32f4xx_hal_tim.o
    0x0800287a   0x0800287a   0x00000002   PAD
    0x0800287c   0x0800287c   0x000000c8   Code   RO         2358    i.HAL_TIM_PWM_Start  stm32f4xx_hal_tim.o
    0x08002944   0x08002944   0x00000004   Code   RO          330    i.HAL_TIM_PeriodElapsedCallback  tim.o
    0x08002948   0x08002948   0x00000002   Code   RO         2369    i.HAL_TIM_TriggerCallback  stm32f4xx_hal_tim.o
    0x0800294a   0x0800294a   0x0000004a   Code   RO         3259    i.HAL_UARTEx_ReceiveToIdle_DMA  stm32f4xx_hal_uart.o
    0x08002994   0x08002994   0x00000088   Code   RO          403    i.HAL_UARTEx_RxEventCallback  usart.o
    0x08002a1c   0x08002a1c   0x00000070   Code   RO         3273    i.HAL_UART_DMAStop  stm32f4xx_hal_uart.o
    0x08002a8c   0x08002a8c   0x00000020   Code   RO          404    i.HAL_UART_ErrorCallback  usart.o
    0x08002aac   0x08002aac   0x00000280   Code   RO         3278    i.HAL_UART_IRQHandler  stm32f4xx_hal_uart.o
    0x08002d2c   0x08002d2c   0x00000064   Code   RO         3279    i.HAL_UART_Init     stm32f4xx_hal_uart.o
    0x08002d90   0x08002d90   0x00000170   Code   RO          406    i.HAL_UART_MspInit  usart.o
    0x08002f00   0x08002f00   0x00000002   Code   RO         3285    i.HAL_UART_RxCpltCallback  stm32f4xx_hal_uart.o
    0x08002f02   0x08002f02   0x00000002   Code   RO         3286    i.HAL_UART_RxHalfCpltCallback  stm32f4xx_hal_uart.o
    0x08002f04   0x08002f04   0x000000a0   Code   RO         3287    i.HAL_UART_Transmit  stm32f4xx_hal_uart.o
    0x08002fa4   0x08002fa4   0x00000084   Code   RO         3288    i.HAL_UART_Transmit_DMA  stm32f4xx_hal_uart.o
    0x08003028   0x08003028   0x00000002   Code   RO         3290    i.HAL_UART_TxCpltCallback  stm32f4xx_hal_uart.o
    0x0800302a   0x0800302a   0x00000002   Code   RO         3291    i.HAL_UART_TxHalfCpltCallback  stm32f4xx_hal_uart.o
    0x0800302c   0x0800302c   0x00000002   Code   RO          493    i.HardFault_Handler  stm32f4xx_it.o
    0x0800302e   0x0800302e   0x00000002   PAD
    0x08003030   0x08003030   0x0000000c   Code   RO          494    i.I2C1_ER_IRQHandler  stm32f4xx_it.o
    0x0800303c   0x0800303c   0x0000000c   Code   RO          495    i.I2C1_EV_IRQHandler  stm32f4xx_it.o
    0x08003048   0x08003048   0x000000bc   Code   RO          690    i.I2C_DMAAbort      stm32f4xx_hal_i2c.o
    0x08003104   0x08003104   0x00000040   Code   RO          691    i.I2C_DMAError      stm32f4xx_hal_i2c.o
    0x08003144   0x08003144   0x00000112   Code   RO          692    i.I2C_DMAXferCplt   stm32f4xx_hal_i2c.o
    0x08003256   0x08003256   0x00000010   Code   RO          693    i.I2C_Flush_DR      stm32f4xx_hal_i2c.o
    0x08003266   0x08003266   0x00000002   PAD
    0x08003268   0x08003268   0x00000158   Code   RO          694    i.I2C_ITError       stm32f4xx_hal_i2c.o
    0x080033c0   0x080033c0   0x0000002e   Code   RO          695    i.I2C_IsAcknowledgeFailed  stm32f4xx_hal_i2c.o
    0x080033ee   0x080033ee   0x000000da   Code   RO          696    i.I2C_MasterReceive_BTF  stm32f4xx_hal_i2c.o
    0x080034c8   0x080034c8   0x000000f4   Code   RO          697    i.I2C_MasterReceive_RXNE  stm32f4xx_hal_i2c.o
    0x080035bc   0x080035bc   0x000000ec   Code   RO          698    i.I2C_MasterRequestRead  stm32f4xx_hal_i2c.o
    0x080036a8   0x080036a8   0x0000009c   Code   RO          699    i.I2C_MasterRequestWrite  stm32f4xx_hal_i2c.o
    0x08003744   0x08003744   0x00000082   Code   RO          700    i.I2C_MasterTransmit_BTF  stm32f4xx_hal_i2c.o
    0x080037c6   0x080037c6   0x00000002   PAD
    0x080037c8   0x080037c8   0x000000b6   Code   RO          701    i.I2C_MasterTransmit_TXE  stm32f4xx_hal_i2c.o
    0x0800387e   0x0800387e   0x00000002   PAD
    0x08003880   0x08003880   0x00000118   Code   RO          702    i.I2C_Master_ADDR   stm32f4xx_hal_i2c.o
    0x08003998   0x08003998   0x0000008c   Code   RO          703    i.I2C_Master_SB     stm32f4xx_hal_i2c.o
    0x08003a24   0x08003a24   0x000000a8   Code   RO          704    i.I2C_MemoryTransmit_TXE_BTF  stm32f4xx_hal_i2c.o
    0x08003acc   0x08003acc   0x00000046   Code   RO          707    i.I2C_Slave_ADDR    stm32f4xx_hal_i2c.o
    0x08003b12   0x08003b12   0x00000002   PAD
    0x08003b14   0x08003b14   0x00000090   Code   RO          708    i.I2C_Slave_AF      stm32f4xx_hal_i2c.o
    0x08003ba4   0x08003ba4   0x0000015c   Code   RO          709    i.I2C_Slave_STOPF   stm32f4xx_hal_i2c.o
    0x08003d00   0x08003d00   0x00000056   Code   RO          710    i.I2C_WaitOnBTFFlagUntilTimeout  stm32f4xx_hal_i2c.o
    0x08003d56   0x08003d56   0x00000002   PAD
    0x08003d58   0x08003d58   0x00000090   Code   RO          711    i.I2C_WaitOnFlagUntilTimeout  stm32f4xx_hal_i2c.o
    0x08003de8   0x08003de8   0x000000bc   Code   RO          712    i.I2C_WaitOnMasterAddressFlagUntilTimeout  stm32f4xx_hal_i2c.o
    0x08003ea4   0x08003ea4   0x00000070   Code   RO          713    i.I2C_WaitOnRXNEFlagUntilTimeout  stm32f4xx_hal_i2c.o
    0x08003f14   0x08003f14   0x00000056   Code   RO          714    i.I2C_WaitOnTXEFlagUntilTimeout  stm32f4xx_hal_i2c.o
    0x08003f6a   0x08003f6a   0x00000002   PAD
    0x08003f6c   0x08003f6c   0x000001d0   Code   RO         3987    i.MS5837_Calculate  ms5837.o
    0x0800413c   0x0800413c   0x00000008   Code   RO         3988    i.MS5837_GetData    ms5837.o
    0x08004144   0x08004144   0x00000018   Code   RO         3989    i.MS5837_I2C_ErrorCallback  ms5837.o
    0x0800415c   0x0800415c   0x00000050   Code   RO         3990    i.MS5837_I2C_RxCpltCallback  ms5837.o
    0x080041ac   0x080041ac   0x0000003c   Code   RO         3991    i.MS5837_I2C_TxCpltCallback  ms5837.o
    0x080041e8   0x080041e8   0x00000088   Code   RO         3992    i.MS5837_Init       ms5837.o
    0x08004270   0x08004270   0x00000020   Code   RO         3993    i.MS5837_Process    ms5837.o
    0x08004290   0x08004290   0x00000034   Code   RO         3995    i.MS5837_StartConversion  ms5837.o
    0x080042c4   0x080042c4   0x00000030   Code   RO         3996    i.MS5837_TimerTick  ms5837.o
    0x080042f4   0x080042f4   0x0000006c   Code   RO          205    i.MX_DMA_Init       dma.o
    0x08004360   0x08004360   0x0000003c   Code   RO          181    i.MX_GPIO_Init      gpio.o
    0x0800439c   0x0800439c   0x00000040   Code   RO          234    i.MX_I2C1_Init      i2c.o
    0x080043dc   0x080043dc   0x0000002c   Code   RO          295    i.MX_IWDG_Init      iwdg.o
    0x08004408   0x08004408   0x0000004c   Code   RO          331    i.MX_TIM12_Init     tim.o
    0x08004454   0x08004454   0x000000a0   Code   RO          332    i.MX_TIM2_Init      tim.o
    0x080044f4   0x080044f4   0x000000c8   Code   RO          333    i.MX_TIM3_Init      tim.o
    0x080045bc   0x080045bc   0x00000038   Code   RO          407    i.MX_USART1_UART_Init  usart.o
    0x080045f4   0x080045f4   0x00000038   Code   RO          408    i.MX_USART2_UART_Init  usart.o
    0x0800462c   0x0800462c   0x00000002   Code   RO          496    i.MemManage_Handler  stm32f4xx_it.o
    0x0800462e   0x0800462e   0x00000002   Code   RO          497    i.NMI_Handler       stm32f4xx_it.o
    0x08004630   0x08004630   0x000000b0   Code   RO         3647    i.PID_Calculate     pid.o
    0x080046e0   0x080046e0   0x00000060   Code   RO         3648    i.PID_Init          pid.o
    0x08004740   0x08004740   0x00000002   Code   RO          498    i.PendSV_Handler    stm32f4xx_it.o
    0x08004742   0x08004742   0x00000002   PAD
    0x08004744   0x08004744   0x0000016c   Code   RO         3780    i.RCPower_Calc      motor.o
    0x080048b0   0x080048b0   0x00000038   Code   RO         3828    i.RC_InputByte      rc.o
    0x080048e8   0x080048e8   0x0000002c   Code   RO         3829    i.RC_Matching       rc.o
    0x08004914   0x08004914   0x00000078   Code   RO         3831    i.RC_Matching_Spin  rc.o
    0x0800498c   0x0800498c   0x00000104   Code   RO         3832    i.RC_Translate      rc.o
    0x08004a90   0x08004a90   0x00000018   Code   RO         3833    i.RC_WhetherRollStop  rc.o
    0x08004aa8   0x08004aa8   0x0000001c   Code   RO         3834    i.RC_WhetherSE_IN_JustNow  rc.o
    0x08004ac4   0x08004ac4   0x00000018   Code   RO         3835    i.RC_WhetherSE_OUT_JustNow  rc.o
    0x08004adc   0x08004adc   0x00000018   Code   RO         3836    i.RC_WhetherYawStop  rc.o
    0x08004af4   0x08004af4   0x00000028   Code   RO         3837    i.RC_WhetherYawStopJustNow  rc.o
    0x08004b1c   0x08004b1c   0x00000058   Code   RO         3838    i.Rc2MyRcKey        rc.o
    0x08004b74   0x08004b74   0x00000002   Code   RO          499    i.SVC_Handler       stm32f4xx_it.o
    0x08004b76   0x08004b76   0x00000004   Code   RO          500    i.SysTick_Handler   stm32f4xx_it.o
    0x08004b7a   0x08004b7a   0x00000002   PAD
    0x08004b7c   0x08004b7c   0x00000098   Code   RO           14    i.SystemClock_Config  main.o
    0x08004c14   0x08004c14   0x00000010   Code   RO         3613    i.SystemInit        system_stm32f4xx.o
    0x08004c24   0x08004c24   0x0000000c   Code   RO          501    i.TIM8_BRK_TIM12_IRQHandler  stm32f4xx_it.o
    0x08004c30   0x08004c30   0x000000d0   Code   RO         2371    i.TIM_Base_SetConfig  stm32f4xx_hal_tim.o
    0x08004d00   0x08004d00   0x0000001a   Code   RO         2372    i.TIM_CCxChannelCmd  stm32f4xx_hal_tim.o
    0x08004d1a   0x08004d1a   0x00000014   Code   RO         2382    i.TIM_ETR_SetConfig  stm32f4xx_hal_tim.o
    0x08004d2e   0x08004d2e   0x00000010   Code   RO         2383    i.TIM_ITRx_SetConfig  stm32f4xx_hal_tim.o
    0x08004d3e   0x08004d3e   0x00000002   PAD
    0x08004d40   0x08004d40   0x00000060   Code   RO         2384    i.TIM_OC1_SetConfig  stm32f4xx_hal_tim.o
    0x08004da0   0x08004da0   0x0000006c   Code   RO         2385    i.TIM_OC2_SetConfig  stm32f4xx_hal_tim.o
    0x08004e0c   0x08004e0c   0x00000068   Code   RO         2386    i.TIM_OC3_SetConfig  stm32f4xx_hal_tim.o
    0x08004e74   0x08004e74   0x00000050   Code   RO         2387    i.TIM_OC4_SetConfig  stm32f4xx_hal_tim.o
    0x08004ec4   0x08004ec4   0x00000022   Code   RO         2389    i.TIM_TI1_ConfigInputStage  stm32f4xx_hal_tim.o
    0x08004ee6   0x08004ee6   0x00000024   Code   RO         2391    i.TIM_TI2_ConfigInputStage  stm32f4xx_hal_tim.o
    0x08004f0a   0x08004f0a   0x00000002   PAD
    0x08004f0c   0x08004f0c   0x000000e8   Code   RO         3916    i.Telemetry_Send    usermain.o
    0x08004ff4   0x08004ff4   0x0000000e   Code   RO         3292    i.UART_DMAAbortOnError  stm32f4xx_hal_uart.o
    0x08005002   0x08005002   0x0000004a   Code   RO         3293    i.UART_DMAError     stm32f4xx_hal_uart.o
    0x0800504c   0x0800504c   0x00000086   Code   RO         3294    i.UART_DMAReceiveCplt  stm32f4xx_hal_uart.o
    0x080050d2   0x080050d2   0x0000001e   Code   RO         3296    i.UART_DMARxHalfCplt  stm32f4xx_hal_uart.o
    0x080050f0   0x080050f0   0x00000042   Code   RO         3298    i.UART_DMATransmitCplt  stm32f4xx_hal_uart.o
    0x08005132   0x08005132   0x0000000a   Code   RO         3300    i.UART_DMATxHalfCplt  stm32f4xx_hal_uart.o
    0x0800513c   0x0800513c   0x0000004e   Code   RO         3302    i.UART_EndRxTransfer  stm32f4xx_hal_uart.o
    0x0800518a   0x0800518a   0x0000001c   Code   RO         3303    i.UART_EndTxTransfer  stm32f4xx_hal_uart.o
    0x080051a6   0x080051a6   0x000000c2   Code   RO         3304    i.UART_Receive_IT   stm32f4xx_hal_uart.o
    0x08005268   0x08005268   0x0000010c   Code   RO         3305    i.UART_SetConfig    stm32f4xx_hal_uart.o
    0x08005374   0x08005374   0x000000a0   Code   RO         3306    i.UART_Start_Receive_DMA  stm32f4xx_hal_uart.o
    0x08005414   0x08005414   0x00000072   Code   RO         3308    i.UART_WaitOnFlagUntilTimeout  stm32f4xx_hal_uart.o
    0x08005486   0x08005486   0x00000002   PAD
    0x08005488   0x08005488   0x0000000c   Code   RO          502    i.USART1_IRQHandler  stm32f4xx_it.o
    0x08005494   0x08005494   0x00000030   Code   RO          409    i.USART1_Receive_DMA_Init  usart.o
    0x080054c4   0x080054c4   0x0000000c   Code   RO          503    i.USART2_IRQHandler  stm32f4xx_it.o
    0x080054d0   0x080054d0   0x00000030   Code   RO          410    i.USART2_Receive_DMA_Init  usart.o
    0x08005500   0x08005500   0x00000002   Code   RO          504    i.UsageFault_Handler  stm32f4xx_it.o
    0x08005502   0x08005502   0x00000020   Code   RO         1856    i.__NVIC_SetPriority  stm32f4xx_hal_cortex.o
    0x08005522   0x08005522   0x00000010   Code   RO         3649    i.absf              pid.o
    0x08005532   0x08005532   0x00000024   Code   RO         3650    i.constrain         pid.o
    0x08005556   0x08005556   0x00000010   Code   RO         3917    i.constrain_motor_power  usermain.o
    0x08005566   0x08005566   0x00000002   PAD
    0x08005568   0x08005568   0x00000034   Code   RO         3720    i.h30_configure     imu.o
    0x0800559c   0x0800559c   0x000000a0   Code   RO         3721    i.h30_data_callback  imu.o
    0x0800563c   0x0800563c   0x000002c8   Code   RO         3722    i.h30_parse_data    imu.o
    0x08005904   0x08005904   0x0000000a   Code   RO         3723    i.h30_read_i32_le   imu.o
    0x0800590e   0x0800590e   0x00000002   PAD
    0x08005910   0x08005910   0x00000034   Code   RO         3724    i.h30_wrap_deg      imu.o
    0x08005944   0x08005944   0x0000003e   Code   RO           15    i.main              main.o
    0x08005982   0x08005982   0x0000000a   Code   RO         3918    i.put_i16_le        usermain.o
    0x0800598c   0x0800598c   0x0000003c   Code   RO         3919    i.to_i16_scaled     usermain.o
    0x080059c8   0x080059c8   0x00000150   Code   RO         4073    x$fpl$dadd          fz_wm.l(daddsub_clz.o)
    0x08005b18   0x08005b18   0x0000005a   Code   RO         4079    x$fpl$dfixu         fz_wm.l(dfixu.o)
    0x08005b72   0x08005b72   0x00000026   Code   RO         4083    x$fpl$dfltu         fz_wm.l(dflt_clz.o)
    0x08005b98   0x08005b98   0x00000154   Code   RO         4089    x$fpl$dmul          fz_wm.l(dmul.o)
    0x08005cec   0x08005cec   0x0000009c   Code   RO         4096    x$fpl$dnaninf       fz_wm.l(dnaninf.o)
    0x08005d88   0x08005d88   0x0000000c   Code   RO         4098    x$fpl$dretinf       fz_wm.l(dretinf.o)
    0x08005d94   0x08005d94   0x000001d4   Code   RO         4075    x$fpl$dsub          fz_wm.l(daddsub_clz.o)
    0x08005f68   0x08005f68   0x0000000a   Code   RO         4203    x$fpl$fpinit        fz_wm.l(fpinit.o)
    0x08005f72   0x08005f72   0x00000000   Code   RO         4100    x$fpl$usenofp       fz_wm.l(usenofp.o)
    0x08005f72   0x08005f72   0x00000008   Data   RO         1570    .constdata          stm32f4xx_hal_dma.o
    0x08005f7a   0x08005f7a   0x00000010   Data   RO         3614    .constdata          system_stm32f4xx.o
    0x08005f8a   0x08005f8a   0x00000008   Data   RO         3615    .constdata          system_stm32f4xx.o
    0x08005f92   0x08005f92   0x00000011   Data   RO         3727    .constdata          imu.o
    0x08005fa3   0x08005fa3   0x00000001   PAD
    0x08005fa4   0x08005fa4   0x00000020   Data   RO         4259    Region$$Table       anon$$obj.o


    Execution Region RW_IRAM1 (Exec base: 0x20000000, Load base: 0x08005fc4, Size: 0x00000e18, Max: 0x0001c000, ABSOLUTE)

    Exec Addr    Load Addr    Size         Type   Attr      Idx    E Section Name        Object

    0x20000000   0x08005fc4   0x0000000c   Data   RW         2015    .data               stm32f4xx_hal.o
    0x2000000c   0x08005fd0   0x00000004   Data   RW         3616    .data               system_stm32f4xx.o
    0x20000010   0x08005fd4   0x00000008   Data   RW         3728    .data               imu.o
    0x20000018   0x08005fdc   0x00000004   Data   RW         3784    .data               motor.o
    0x2000001c   0x08005fe0   0x00000010   Data   RW         3840    .data               rc.o
    0x2000002c   0x08005ff0   0x00000024   Data   RW         3921    .data               usermain.o
    0x20000050   0x08006014   0x00000014   Data   RW         3998    .data               ms5837.o
    0x20000064        -       0x000000b4   Zero   RW          235    .bss                i2c.o
    0x20000118        -       0x0000000c   Zero   RW          296    .bss                iwdg.o
    0x20000124        -       0x000000d8   Zero   RW          334    .bss                tim.o
    0x200001fc        -       0x00000270   Zero   RW          411    .bss                usart.o
    0x2000046c        -       0x00000040   Zero   RW         3652    .bss                pid.o
    0x200004ac        -       0x00000040   Zero   RW         3654    .bss                pid.o
    0x200004ec        -       0x00000040   Zero   RW         3655    .bss                pid.o
    0x2000052c        -       0x00000040   Zero   RW         3656    .bss                pid.o
    0x2000056c        -       0x00000040   Zero   RW         3690    .bss                angle_resolve.o
    0x200005ac        -       0x0000013e   Zero   RW         3726    .bss                imu.o
    0x200006ea   0x08006028   0x00000002   PAD
    0x200006ec        -       0x00000020   Zero   RW         3782    .bss                motor.o
    0x2000070c        -       0x00000029   Zero   RW         3839    .bss                rc.o
    0x20000735   0x08006028   0x00000003   PAD
    0x20000738        -       0x00000060   Zero   RW         3920    .bss                usermain.o
    0x20000798        -       0x0000001c   Zero   RW         3997    .bss                ms5837.o
    0x200007b4        -       0x00000060   Zero   RW         4133    .bss                c_w.l(libspace.o)
    0x20000814   0x08006028   0x00000004   PAD
    0x20000818        -       0x00000200   Zero   RW            2    HEAP                startup_stm32f405xx.o
    0x20000a18        -       0x00000400   Zero   RW            1    STACK               startup_stm32f405xx.o


    Execution Region RW_IRAM2 (Exec base: 0x2001c000, Load base: 0x08006028, Size: 0x00000000, Max: 0x00004000, ABSOLUTE)

    **** No section assigned to this execution region ****


==============================================================================

Image component sizes


      Code (inc. data)   RO Data    RW Data    ZI Data      Debug   Object Name

       228         24          0          0         64       3066   angle_resolve.o
       108          4          0          0          0        798   dma.o
        60          6          0          0          0        799   gpio.o
       268         34          0          0        180       3996   i2c.o
       986         50         17          8        318       5552   imu.o
        44          8          0          0         12        687   iwdg.o
       218          8          0          0          0     653488   main.o
       364         40          0          4         32       2234   motor.o
       904         80          0         20         28       6122   ms5837.o
       324         12          0          0        256       3713   pid.o
       708         96          0         16         41       6602   rc.o
        64         26        392          0       1536        824   startup_stm32f405xx.o
       180         28          0         12          0       9261   stm32f4xx_hal.o
       198         14          0          0          0      33711   stm32f4xx_hal_cortex.o
      1094         16          8          0          0       8324   stm32f4xx_hal_dma.o
       496         46          0          0          0       1500   stm32f4xx_hal_gpio.o
      6344        116          0          0          0      34640   stm32f4xx_hal_i2c.o
       106          0          0          0          0       1855   stm32f4xx_hal_iwdg.o
        48          6          0          0          0        822   stm32f4xx_hal_msp.o
      1348         76          0          0          0       5152   stm32f4xx_hal_rcc.o
      1972        136          0          0          0      16128   stm32f4xx_hal_tim.o
       148         28          0          0          0       2417   stm32f4xx_hal_tim_ex.o
      2396         40          0          0          0      17437   stm32f4xx_hal_uart.o
       128         54          0          0          0       8124   stm32f4xx_it.o
        16          4         24          4          0       1075   system_stm32f4xx.o
       764         56          0          0        216       4866   tim.o
       744        102          0          0        624       5166   usart.o
      1686        146          0         36         96       5843   usermain.o

    ----------------------------------------------------------------------
     21992       1256        474        100       3408     844202   Object Totals
         0          0         32          0          0          0   (incl. Generated)
        48          0          1          0          5          0   (incl. Padding)

    ----------------------------------------------------------------------

      Code (inc. data)   RO Data    RW Data    ZI Data      Debug   Library Member Name

         8          0          0          0          0         68   __main.o
         0          0          0          0          0          0   __rtentry.o
        12          0          0          0          0          0   __rtentry2.o
         6          0          0          0          0          0   __rtentry4.o
        52          8          0          0          0          0   __scatter.o
        26          0          0          0          0          0   __scatter_copy.o
        28          0          0          0          0          0   __scatter_zi.o
        18          0          0          0          0         80   exit.o
         6          0          0          0          0        152   heapauxi.o
         0          0          0          0          0          0   indicate_semi.o
         2          0          0          0          0          0   libinit.o
         6          0          0          0          0          0   libinit2.o
         2          0          0          0          0          0   libshutdown.o
         2          0          0          0          0          0   libshutdown2.o
         8          4          0          0         96         68   libspace.o
       238          0          0          0          0        100   lludivv7m.o
        78          0          0          0          0         80   rt_memclr_w.o
         2          0          0          0          0          0   rtexit.o
        10          0          0          0          0          0   rtexit2.o
        12          4          0          0          0         68   sys_exit.o
        74          0          0          0          0         80   sys_stackheap_outer.o
         2          0          0          0          0         68   use_no_semi.o
       804         16          0          0          0        368   daddsub_clz.o
        90          4          0          0          0        140   dfixu.o
        38          0          0          0          0        116   dflt_clz.o
       340         12          0          0          0        152   dmul.o
       156          4          0          0          0        140   dnaninf.o
        12          0          0          0          0        116   dretinf.o
        10          0          0          0          0        116   fpinit.o
         0          0          0          0          0          0   usenofp.o

    ----------------------------------------------------------------------
      2050         52          0          0        100       1912   Library Totals
         8          0          0          0          4          0   (incl. Padding)

    ----------------------------------------------------------------------

      Code (inc. data)   RO Data    RW Data    ZI Data      Debug   Library Name

       592         16          0          0         96        764   c_w.l
      1450         36          0          0          0       1148   fz_wm.l

    ----------------------------------------------------------------------
      2050         52          0          0        100       1912   Library Totals

    ----------------------------------------------------------------------

==============================================================================


      Code (inc. data)   RO Data    RW Data    ZI Data      Debug   

     24042       1308        474        100       3508     827354   Grand Totals
     24042       1308        474        100       3508     827354   ELF Image Totals
     24042       1308        474        100          0          0   ROM Totals

==============================================================================

    Total RO  Size (Code + RO Data)                24516 (  23.94kB)
    Total RW  Size (RW Data + ZI Data)              3608 (   3.52kB)
    Total ROM Size (Code + RO Data + RW Data)      24616 (  24.04kB)

==============================================================================

