===== SIM_MODE=True model.mode=mock =====

########## 仿真任务: ball ##########
[MAIN] 画面窗口不可用：OpenCV(5.0.0) /io/opencv/modules/highgui/src/window.cpp:1200: error: (-2:Unspecified error) The function is not implemented. Rebuild the library with Windows, GTK+ 2.x or Cocoa support. If you are on Ubuntu or Debian, install libgtk2.0-dev and pkg-config, then re-run cmake or configure script in function 'namedWindowImpl'

===== AUV | 任务=['ball'] | camera front=sim | detector=mock =====
[UART→] a580808080a50101000000  [运动状态] 停止
[UART→] a580808080a50101000000  [运动状态] 停止
[UART→] a580808080a50101000000  [运动状态] 停止
[UART→] a580808080a50101000000  [运动状态] 停止
[UART→] a580808080a50101000000  [运动状态] 停止
[UART→] a580808080a50101000000  [运动状态] 停止
[UART→] a580808080a50101000000  [运动状态] 停止
[UART→] a580808080a50101000000  [运动状态] 停止
[UART→] a580808080a50101000000  [运动状态] 停止
[UART→] a580808080a50101000000  [运动状态] 停止
[UART→] a580808080a50101000000  [运动状态] 停止
[UART→] a580808080a50101000000  [运动状态] 停止
[UART→] a580808080a50101000000  [运动状态] 停止
[UART→] a580808080a50101000000  [运动状态] 停止
[UART→] a580808080a50101000000  [运动状态] 停止
[UART→] a580808080a50101000000  [运动状态] 停止
[MAIN] IDLE -> BALL (idle_done)
[UART→] a592808080a50101000000  [运动状态] 右转14%
[UART→] a5a4808080a50101000000  [运动状态] 右转28%
[UART→] a592808c77a50101000000  [运动状态] 左移7%, 上浮9%, 右转14%
[UART→] a580898b80a50101000000  [运动状态] 前进7%, 上浮8%
[UART→] a5809a8c80a50101000000  [运动状态] 前进20%, 上浮9%
[UART→] a580ac8c80a50101000000  [运动状态] 前进34%, 上浮9%
[UART→] a580bd8c81a50101000000  [运动状态] 前进48%, 上浮9%
[UART→] a580ce8c80a50101000000  [运动状态] 前进61%, 上浮9%
[UART→] a580df8c80a50101000000  [运动状态] 前进74%, 上浮9%
[UART→] a580f18c77a50101000000  [运动状态] 前进88%, 左移7%, 上浮9%
[UART→] a580ff8c80a50101000000  [运动状态] 前进100%, 上浮9%
[UART→] a580ff8b80a50101000000  [运动状态] 前进100%, 上浮8%
[UART→] a580ff8b80a50101000000  [运动状态] 前进100%, 上浮8%
[UART→] a580ff8b81a50101000000  [运动状态] 前进100%, 上浮8%
[MAIN] fps=28.0 state=BALL frame=60
[UART→] a580ff8d80a50101000000  [运动状态] 前进100%, 上浮10%
[UART→] a580ff8b80a50101000000  [运动状态] 前进100%, 上浮8%
[UART→] a580ff8c77a50101000000  [运动状态] 前进100%, 左移7%, 上浮9%
[UART→] a580ff8c80a50101000000  [运动状态] 前进100%, 上浮9%
[UART→] a580ff8c80a50101000000  [运动状态] 前进100%, 上浮9%
[UART→] a580ff8c80a50101000000  [运动状态] 前进100%, 上浮9%
[UART→] a580ff8c80a50101000000  [运动状态] 前进100%, 上浮9%
[UART→] a580ff8d80a50101000000  [运动状态] 前进100%, 上浮10%
[UART→] a580ff8c80a50101000000  [运动状态] 前进100%, 上浮9%
[UART→] a580ff8c77a50101000000  [运动状态] 前进100%, 左移7%, 上浮9%
[UART→] a580ed8d7ba50101000000  [运动状态] 前进85%, 左移3%, 上浮10%
[UART→] a580dc8d80a50101000000  [运动状态] 前进72%, 上浮10%
[UART→] a580ca8d80a50101000000  [运动状态] 前进58%, 上浮10%
[UART→] a580b88c80a50101000000  [运动状态] 前进44%, 上浮9%
[UART→] a580ac8c80a50101000000  [运动状态] 前进34%, 上浮9%
[UART→] a580ac8d80a50101000000  [运动状态] 前进34%, 上浮10%
[UART→] a580ac8e77a50101000000  [运动状态] 前进34%, 左移7%, 上浮11%
[UART→] a580ac8c80a50101000000  [运动状态] 前进34%, 上浮9%
[UART→] a580ac8e80a50101000000  [运动状态] 前进34%, 上浮11%
[UART→] a580ac8c80a50101000000  [运动状态] 前进34%, 上浮9%
[UART→] a580ac8d81a50101000000  [运动状态] 前进34%, 上浮10%
[UART→] a580ac8d80a50101000000  [运动状态] 前进34%, 上浮10%
[UART→] a580ac8b80a50101000000  [运动状态] 前进34%, 上浮8%
[UART→] a580ac8a77a50101000000  [运动状态] 前进34%, 左移7%, 上浮7%
[UART→] a580ac8980a50101000000  [运动状态] 前进34%, 上浮7%
[UART→] a580ac8880a50101000000  [运动状态] 前进34%, 上浮6%
[UART→] a580ac8780a50101000000  [运动状态] 前进34%, 上浮5%
[UART→] a580ac8681a50101000000  [运动状态] 前进34%, 上浮4%
[UART→] a580ac8680a50101000000  [运动状态] 前进34%, 上浮4%
[UART→] a580ac8580a50101000000  [运动状态] 前进34%, 上浮3%
[MAIN] fps=25.5 state=BALL frame=120
[UART→] a580ac8077a50101000000  [运动状态] 前进34%, 左移7%
[UART→] a580ac8080a50101000000  [运动状态] 前进34%
[UART→] a580ac8080a50101000000  [运动状态] 前进34%
[UART→] a580ac8080a50101000000  [运动状态] 前进34%
[UART→] a580ac8080a50101000000  [运动状态] 前进34%
[UART→] a580ac8080a50101000000  [运动状态] 前进34%
[UART→] a580ac8080a50101000000  [运动状态] 前进34%
[UART→] a580ac8077a50101000000  [运动状态] 前进34%, 左移7%
[UART→] a580ac807ba50101000000  [运动状态] 前进34%, 左移3%
[UART→] a580ac8080a50101000000  [运动状态] 前进34%
[UART→] a580ac8080a50101000000  [运动状态] 前进34%
[UART→] a580ac8081a50101000000  [运动状态] 前进34%
[UART→] a580ac8080a50101000000  [运动状态] 前进34%
[UART→] a580ac8080a50101000000  [运动状态] 前进34%
[UART→] a580ac8078a50101000000  [运动状态] 前进34%, 左移6%
[UART→] a580ac807aa50101000000  [运动状态] 前进34%, 左移4%
[UART→] a580ac8080a50101000000  [运动状态] 前进34%
[UART→] a580a38080a50101000000  [运动状态] 前进27%
[UART→] a580918080a50101000000  [运动状态] 前进13%
[UART→] a580808080a50101000000  [运动状态] 停止
[BALL] DONE(hit) stop r=0.774 sway=0.00 frames=128
[MAIN] BALL -> DONE (BALL_done(hit))
[UART→] a580808080a50101000000  [运动状态] 停止
[MAIN] 已停止
########## ball 结束: reason=hit ##########

########## 仿真任务: gate ##########
[MAIN] 画面窗口不可用：OpenCV(5.0.0) /io/opencv/modules/highgui/src/window.cpp:1200: error: (-2:Unspecified error) The function is not implemented. Rebuild the library with Windows, GTK+ 2.x or Cocoa support. If you are on Ubuntu or Debian, install libgtk2.0-dev and pkg-config, then re-run cmake or configure script in function 'namedWindowImpl'

===== AUV | 任务=['gate'] | camera front=sim | detector=mock =====
[UART→] a580808080a50101000000  [运动状态] 停止
[UART→] a580808080a50101000000  [运动状态] 停止
[UART→] a580808080a50101000000  [运动状态] 停止
[UART→] a580808080a50101000000  [运动状态] 停止
[UART→] a580808080a50101000000  [运动状态] 停止
[UART→] a580808080a50101000000  [运动状态] 停止
[UART→] a580808080a50101000000  [运动状态] 停止
[UART→] a580808080a50101000000  [运动状态] 停止
[UART→] a580808080a50101000000  [运动状态] 停止
[UART→] a580808080a50101000000  [运动状态] 停止
[UART→] a580808080a50101000000  [运动状态] 停止
[UART→] a580808080a50101000000  [运动状态] 停止
[UART→] a580808080a50101000000  [运动状态] 停止
[UART→] a580808080a50101000000  [运动状态] 停止
[UART→] a580808080a50101000000  [运动状态] 停止
[UART→] a580808080a50101000000  [运动状态] 停止
[MAIN] IDLE -> GATE (idle_done)
[UART→] a58080806ea50101000000  [运动状态] 左移14%
[UART→] a58080805da50101000000  [运动状态] 左移27%
[UART→] a580808050a50101000000  [运动状态] 左移37%
[UART→] a580808052a50101000000  [运动状态] 左移36%
[UART→] a580808054a50101000000  [运动状态] 左移34%
[UART→] a580808056a50101000000  [运动状态] 左移33%
[UART→] a580808058a50101000000  [运动状态] 左移31%
[UART→] a58080805ba50101000000  [运动状态] 左移29%
[UART→] a58080805da50101000000  [运动状态] 左移27%
[UART→] a58080805fa50101000000  [运动状态] 左移25%
[UART→] a580808061a50101000000  [运动状态] 左移24%
[UART→] a580808063a50101000000  [运动状态] 左移22%
[UART→] a580808066a50101000000  [运动状态] 左移20%
[UART→] a580808068a50101000000  [运动状态] 左移18%
[MAIN] fps=27.8 state=GATE frame=60
[UART→] a58080806aa50101000000  [运动状态] 左移17%
[UART→] a58080806ca50101000000  [运动状态] 左移15%
[UART→] a58080806ea50101000000  [运动状态] 左移14%
[UART→] a580808071a50101000000  [运动状态] 左移11%
[UART→] a580808073a50101000000  [运动状态] 左移10%
[UART→] a580808075a50101000000  [运动状态] 左移8%
[UART→] a580808077a50101000000  [运动状态] 左移7%
[UART→] a580928079a50101000000  [运动状态] 前进14%, 左移5%
[UART→] a580a4807ca50101000000  [运动状态] 前进28%, 左移3%
[UART→] a580b58080a50101000000  [运动状态] 前进41%
[UART→] a580c68080a50101000000  [运动状态] 前进55%
[UART→] a580d88080a50101000000  [运动状态] 前进69%
[UART→] a580e68080a50101000000  [运动状态] 前进80%
[UART→] a580e68080a50101000000  [运动状态] 前进80%
[UART→] a580e68080a50101000000  [运动状态] 前进80%
[UART→] a580e68080a50101000000  [运动状态] 前进80%
[UART→] a580e68080a50101000000  [运动状态] 前进80%
[UART→] a580e68080a50101000000  [运动状态] 前进80%
[UART→] a580e68080a50101000000  [运动状态] 前进80%
[UART→] a580e68080a50101000000  [运动状态] 前进80%
[UART→] a580e68080a50101000000  [运动状态] 前进80%
[UART→] a580d58080a50101000000  [运动状态] 前进66%
[UART→] a580c38080a50101000000  [运动状态] 前进52%
[UART→] a580b18080a50101000000  [运动状态] 前进38%
[UART→] a580ac8080a50101000000  [运动状态] 前进34%
[UART→] a580b58080a50101000000  [运动状态] 前进41%
[UART→] a580c68080a50101000000  [运动状态] 前进55%
[UART→] a580d78080a50101000000  [运动状态] 前进68%
[UART→] a580e98080a50101000000  [运动状态] 前进82%
[GATE] 通过第 1/1 门
[UART→] a580ea8080a50101000000  [运动状态] 前进83%
[GATE] DONE(pass) pass=1 frames=88
[MAIN] GATE -> DONE (GATE_done(pass))
[UART→] a580e38080a50101000000  [运动状态] 前进77%
[MAIN] 已停止
########## gate 结束: reason=pass ##########
===== 仿真完成 =====
